../Core/Src/main.c:79:5:main	16	static
../Core/Src/main.c:134:6:SystemClock_Config	96	static
../Core/Src/main.c:178:13:MX_I2C1_Init	8	static
../Core/Src/main.c:226:13:MX_SPI1_Init	8	static
../Core/Src/main.c:265:13:MX_TIM16_Init	8	static
../Core/Src/main.c:297:13:MX_TIM17_Init	80	static
../Core/Src/main.c:360:13:MX_USART2_UART_Init	8	static
../Core/Src/main.c:395:13:MX_GPIO_Init	40	static
../Core/Src/main.c:445:6:resetModeLed	8	static
../Core/Src/main.c:460:6:setModeLed	8	static
../Core/Src/main.c:489:6:UART_Transmit	40	static
../Core/Src/main.c:497:6:HAL_TIM_PeriodElapsedCallback	16	static
../Core/Src/main.c:635:6:HAL_UART_RxCpltCallback	16	static
../Core/Src/main.c:653:6:Error_Handler	4	static
