../Core/Src/main.c:74:5:main	8	static
../Core/Src/main.c:124:6:SystemClock_Config	96	static
../Core/Src/main.c:168:13:MX_I2C1_Init	8	static
../Core/Src/main.c:216:13:MX_SPI1_Init	8	static
../Core/Src/main.c:255:13:MX_TIM16_Init	8	static
../Core/Src/main.c:287:13:MX_TIM17_Init	80	static
../Core/Src/main.c:350:13:MX_USART2_UART_Init	8	static
../Core/Src/main.c:385:13:MX_GPIO_Init	40	static
../Core/Src/main.c:433:6:resetModeLed	8	static
../Core/Src/main.c:448:6:setModeLed	8	static
../Core/Src/main.c:477:6:HAL_TIM_PeriodElapsedCallback	16	static
../Core/Src/main.c:582:6:Error_Handler	4	static
