Archive member included to satisfy reference by file (symbol)

/Applications/STMicroelectronics/STM32CubeIDE.app/Contents/Eclipse/plugins/com.st.stm32cube.ide.mcu.externaltools.gnu-tools-for-stm32.11.3.rel1.macos64_1.1.1.202309131626/tools/bin/../lib/gcc/arm-none-eabi/11.3.1/../../../../arm-none-eabi/lib/thumb/v7e-m+fp/hard/libc_nano.a(libc_a-exit.o)
                              /Applications/STMicroelectronics/STM32CubeIDE.app/Contents/Eclipse/plugins/com.st.stm32cube.ide.mcu.externaltools.gnu-tools-for-stm32.11.3.rel1.macos64_1.1.1.202309131626/tools/bin/../lib/gcc/arm-none-eabi/11.3.1/../../../../arm-none-eabi/lib/thumb/v7e-m+fp/hard/crt0.o (exit)
/Applications/STMicroelectronics/STM32CubeIDE.app/Contents/Eclipse/plugins/com.st.stm32cube.ide.mcu.externaltools.gnu-tools-for-stm32.11.3.rel1.macos64_1.1.1.202309131626/tools/bin/../lib/gcc/arm-none-eabi/11.3.1/../../../../arm-none-eabi/lib/thumb/v7e-m+fp/hard/libc_nano.a(libc_a-findfp.o)
                              /Applications/STMicroelectronics/STM32CubeIDE.app/Contents/Eclipse/plugins/com.st.stm32cube.ide.mcu.externaltools.gnu-tools-for-stm32.11.3.rel1.macos64_1.1.1.202309131626/tools/bin/../lib/gcc/arm-none-eabi/11.3.1/../../../../arm-none-eabi/lib/thumb/v7e-m+fp/hard/libc_nano.a(libc_a-exit.o) (__stdio_exit_handler)
/Applications/STMicroelectronics/STM32CubeIDE.app/Contents/Eclipse/plugins/com.st.stm32cube.ide.mcu.externaltools.gnu-tools-for-stm32.11.3.rel1.macos64_1.1.1.202309131626/tools/bin/../lib/gcc/arm-none-eabi/11.3.1/../../../../arm-none-eabi/lib/thumb/v7e-m+fp/hard/libc_nano.a(libc_a-fwalk.o)
                              /Applications/STMicroelectronics/STM32CubeIDE.app/Contents/Eclipse/plugins/com.st.stm32cube.ide.mcu.externaltools.gnu-tools-for-stm32.11.3.rel1.macos64_1.1.1.202309131626/tools/bin/../lib/gcc/arm-none-eabi/11.3.1/../../../../arm-none-eabi/lib/thumb/v7e-m+fp/hard/libc_nano.a(libc_a-findfp.o) (_fwalk_sglue)
/Applications/STMicroelectronics/STM32CubeIDE.app/Contents/Eclipse/plugins/com.st.stm32cube.ide.mcu.externaltools.gnu-tools-for-stm32.11.3.rel1.macos64_1.1.1.202309131626/tools/bin/../lib/gcc/arm-none-eabi/11.3.1/../../../../arm-none-eabi/lib/thumb/v7e-m+fp/hard/libc_nano.a(libc_a-memset.o)
                              /Applications/STMicroelectronics/STM32CubeIDE.app/Contents/Eclipse/plugins/com.st.stm32cube.ide.mcu.externaltools.gnu-tools-for-stm32.11.3.rel1.macos64_1.1.1.202309131626/tools/bin/../lib/gcc/arm-none-eabi/11.3.1/../../../../arm-none-eabi/lib/thumb/v7e-m+fp/hard/crt0.o (memset)
/Applications/STMicroelectronics/STM32CubeIDE.app/Contents/Eclipse/plugins/com.st.stm32cube.ide.mcu.externaltools.gnu-tools-for-stm32.11.3.rel1.macos64_1.1.1.202309131626/tools/bin/../lib/gcc/arm-none-eabi/11.3.1/../../../../arm-none-eabi/lib/thumb/v7e-m+fp/hard/libc_nano.a(libc_a-impure.o)
                              /Applications/STMicroelectronics/STM32CubeIDE.app/Contents/Eclipse/plugins/com.st.stm32cube.ide.mcu.externaltools.gnu-tools-for-stm32.11.3.rel1.macos64_1.1.1.202309131626/tools/bin/../lib/gcc/arm-none-eabi/11.3.1/../../../../arm-none-eabi/lib/thumb/v7e-m+fp/hard/libc_nano.a(libc_a-findfp.o) (_impure_data)
/Applications/STMicroelectronics/STM32CubeIDE.app/Contents/Eclipse/plugins/com.st.stm32cube.ide.mcu.externaltools.gnu-tools-for-stm32.11.3.rel1.macos64_1.1.1.202309131626/tools/bin/../lib/gcc/arm-none-eabi/11.3.1/../../../../arm-none-eabi/lib/thumb/v7e-m+fp/hard/libc_nano.a(libc_a-errno.o)
                              ./Core/Src/syscalls.o (__errno)
/Applications/STMicroelectronics/STM32CubeIDE.app/Contents/Eclipse/plugins/com.st.stm32cube.ide.mcu.externaltools.gnu-tools-for-stm32.11.3.rel1.macos64_1.1.1.202309131626/tools/bin/../lib/gcc/arm-none-eabi/11.3.1/../../../../arm-none-eabi/lib/thumb/v7e-m+fp/hard/libc_nano.a(libc_a-init.o)
                              /Applications/STMicroelectronics/STM32CubeIDE.app/Contents/Eclipse/plugins/com.st.stm32cube.ide.mcu.externaltools.gnu-tools-for-stm32.11.3.rel1.macos64_1.1.1.202309131626/tools/bin/../lib/gcc/arm-none-eabi/11.3.1/../../../../arm-none-eabi/lib/thumb/v7e-m+fp/hard/crt0.o (__libc_init_array)
/Applications/STMicroelectronics/STM32CubeIDE.app/Contents/Eclipse/plugins/com.st.stm32cube.ide.mcu.externaltools.gnu-tools-for-stm32.11.3.rel1.macos64_1.1.1.202309131626/tools/bin/../lib/gcc/arm-none-eabi/11.3.1/../../../../arm-none-eabi/lib/thumb/v7e-m+fp/hard/libc_nano.a(libc_a-lock.o)
                              /Applications/STMicroelectronics/STM32CubeIDE.app/Contents/Eclipse/plugins/com.st.stm32cube.ide.mcu.externaltools.gnu-tools-for-stm32.11.3.rel1.macos64_1.1.1.202309131626/tools/bin/../lib/gcc/arm-none-eabi/11.3.1/../../../../arm-none-eabi/lib/thumb/v7e-m+fp/hard/libc_nano.a(libc_a-findfp.o) (__retarget_lock_init_recursive)
[...]
Memory Configuration

Name             Origin             Length             Attributes
CCMRAM           0x0000000010000000 0x0000000000001000 xrw
RAM              0x0000000020000000 0x0000000000003000 xrw
FLASH            0x0000000008000000 0x0000000000010000 xr
*default*        0x0000000000000000 0xffffffffffffffff

Linker script and memory map

LOAD /Applications/STMicroelectronics/STM32CubeIDE.app/Contents/Eclipse/plugins/com.st.stm32cube.ide.mcu.externaltools.gnu-tools-for-stm32.11.3.rel1.macos64_1.1.1.202309131626/tools/bin/../lib/gcc/arm-none-eabi/11.3.1/thumb/v7e-m+fp/hard/crti.o
LOAD /Applications/STMicroelectronics/STM32CubeIDE.app/Contents/Eclipse/plugins/com.st.stm32cube.ide.mcu.externaltools.gnu-tools-for-stm32.11.3.rel1.macos64_1.1.1.202309131626/tools/bin/../lib/gcc/arm-none-eabi/11.3.1/thumb/v7e-m+fp/hard/crtbegin.o
LOAD /Applications/STMicroelectronics/STM32CubeIDE.app/Contents/Eclipse/plugins/com.st.stm32cube.ide.mcu.externaltools.gnu-tools-for-stm32.11.3.rel1.macos64_1.1.1.202309131626/tools/bin/../lib/gcc/arm-none-eabi/11.3.1/../../../../arm-none-eabi/lib/thumb/v7e-m+fp/hard/crt0.o
LOAD ./Core/Src/main.o
LOAD ./Core/Src/stm32f3xx_hal_msp.o
LOAD ./Core/Src/stm32f3xx_it.o
LOAD ./Core/Src/syscalls.o
LOAD ./Core/Src/sysmem.o
LOAD ./Core/Src/system_stm32f3xx.o
LOAD ./Core/Startup/startup_stm32f303k8tx.o
LOAD ./Drivers/STM32F3xx_HAL_Driver/Src/stm32f3xx_hal.o
LOAD ./Drivers/STM32F3xx_HAL_Driver/Src/stm32f3xx_hal_cortex.o
LOAD ./Drivers/STM32F3xx_HAL_Driver/Src/stm32f3xx_hal_dma.o
LOAD ./Drivers/STM32F3xx_HAL_Driver/Src/stm32f3xx_hal_exti.o
LOAD ./Drivers/STM32F3xx_HAL_Driver/Src/stm32f3xx_hal_flash.o
LOAD ./Drivers/STM32F3xx_HAL_Driver/Src/stm32f3xx_hal_flash_ex.o
LOAD ./Drivers/STM32F3xx_HAL_Driver/Src/stm32f3xx_hal_gpio.o
LOAD ./Drivers/STM32F3xx_HAL_Driver/Src/stm32f3xx_hal_i2c.o
LOAD ./Drivers/STM32F3xx_HAL_Driver/Src/stm32f3xx_hal_i2c_ex.o
LOAD ./Drivers/STM32F3xx_HAL_Driver/Src/stm32f3xx_hal_pwr.o
LOAD ./Drivers/STM32F3xx_HAL_Driver/Src/stm32f3xx_hal_pwr_ex.o
LOAD ./Drivers/STM32F3xx_HAL_Driver/Src/stm32f3xx_hal_rcc.o
LOAD ./Drivers/STM32F3xx_HAL_Driver/Src/stm32f3xx_hal_rcc_ex.o
LOAD ./Drivers/STM32F3xx_HAL_Driver/Src/stm32f3xx_hal_tim.o
LOAD ./Drivers/STM32F3xx_HAL_Driver/Src/stm32f3xx_hal_tim_ex.o
START GROUP
LOAD /Applications/STMicroelectronics/STM32CubeIDE.app/Contents/Eclipse/plugins/com.st.stm32cube.ide.mcu.externaltools.gnu-tools-for-stm32.11.3.rel1.macos64_1.1.1.202309131626/tools/bin/../lib/gcc/arm-none-eabi/11.3.1/../../../../arm-none-eabi/lib/thumb/v7e-m+fp/hard/libc_nano.a
LOAD /Applications/STMicroelectronics/STM32CubeIDE.app/Contents/Eclipse/plugins/com.st.stm32cube.ide.mcu.externaltools.gnu-tools-for-stm32.11.3.rel1.macos64_1.1.1.202309131626/tools/bin/../lib/gcc/arm-none-eabi/11.3.1/../../../../arm-none-eabi/lib/thumb/v7e-m+fp/hard/libm.a
END GROUP
START GROUP
LOAD /Applications/STMicroelectronics/STM32CubeIDE.app/Contents/Eclipse/plugins/com.st.stm32cube.ide.mcu.externaltools.gnu-tools-for-stm32.11.3.rel1.macos64_1.1.1.202309131626/tools/bin/../lib/gcc/arm-none-eabi/11.3.1/thumb/v7e-m+fp/hard/libgcc.a
LOAD /Applications/STMicroelectronics/STM32CubeIDE.app/Contents/Eclipse/plugins/com.st.stm32cube.ide.mcu.externaltools.gnu-tools-for-stm32.11.3.rel1.macos64_1.1.1.202309131626/tools/bin/../lib/gcc/arm-none-eabi/11.3.1/../../../../arm-none-eabi/lib/thumb/v7e-m+fp/hard/libc_nano.a
END GROUP
START GROUP
LOAD /Applications/STMicroelectronics/STM32CubeIDE.app/Contents/Eclipse/plugins/com.st.stm32cube.ide.mcu.externaltools.gnu-tools-for-stm32.11.3.rel1.macos64_1.1.1.202309131626/tools/bin/../lib/gcc/arm-none-eabi/11.3.1/thumb/v7e-m+fp/hard/libgcc.a
LOAD /Applications/STMicroelectronics/STM32CubeIDE.app/Contents/Eclipse/plugins/com.st.stm32cube.ide.mcu.externaltools.gnu-tools-for-stm32.11.3.rel1.macos64_1.1.1.202309131626/tools/bin/../lib/gcc/arm-none-eabi/11.3.1/../../../../arm-none-eabi/lib/thumb/v7e-m+fp/hard/libc_nano.a
LOAD /Applications/STMicroelectronics/STM32CubeIDE.app/Contents/Eclipse/plugins/com.st.stm32cube.ide.mcu.externaltools.gnu-tools-for-stm32.11.3.rel1.macos64_1.1.1.202309131626/tools/bin/../lib/gcc/arm-none-eabi/11.3.1/../../../../arm-none-eabi/lib/thumb/v7e-m+fp/hard/libnosys.a
END GROUP
START GROUP
LOAD /Applications/STMicroelectronics/STM32CubeIDE.app/Contents/Eclipse/plugins/com.st.stm32cube.ide.mcu.externaltools.gnu-tools-for-stm32.11.3.rel1.macos64_1.1.1.202309131626/tools/bin/../lib/gcc/arm-none-eabi/11.3.1/thumb/v7e-m+fp/hard/libgcc.a
LOAD /Applications/STMicroelectronics/STM32CubeIDE.app/Contents/Eclipse/plugins/com.st.stm32cube.ide.mcu.externaltools.gnu-tools-for-stm32.11.3.rel1.macos64_1.1.1.202309131626/tools/bin/../lib/gcc/arm-none-eabi/11.3.1/../../../../arm-none-eabi/lib/thumb/v7e-m+fp/hard/libc_nano.a
LOAD /Applications/STMicroelectronics/STM32CubeIDE.app/Contents/Eclipse/plugins/com.st.stm32cube.ide.mcu.externaltools.gnu-tools-for-stm32.11.3.rel1.macos64_1.1.1.202309131626/tools/bin/../lib/gcc/arm-none-eabi/11.3.1/../../../../arm-none-eabi/lib/thumb/v7e-m+fp/hard/libnosys.a
END GROUP
LOAD /Applications/STMicroelectronics/STM32CubeIDE.app/Contents/Eclipse/plugins/com.st.stm32cube.ide.mcu.externaltools.gnu-tools-for-stm32.11.3.rel1.macos64_1.1.1.202309131626/tools/bin/../lib/gcc/arm-none-eabi/11.3.1/thumb/v7e-m+fp/hard/crtend.o
LOAD /Applications/STMicroelectronics/STM32CubeIDE.app/Contents/Eclipse/plugins/com.st.stm32cube.ide.mcu.externaltools.gnu-tools-for-stm32.11.3.rel1.macos64_1.1.1.202309131626/tools/bin/../lib/gcc/arm-none-eabi/11.3.1/thumb/v7e-m+fp/hard/crtn.o
                0x0000000020003000                _estack = (ORIGIN (RAM) + LENGTH (RAM))
                0x0000000000000200                _Min_Heap_Size = 0x200
                0x0000000000000400                _Min_Stack_Size = 0x400

.isr_vector     0x0000000008000000      0x188
                0x0000000008000000                . = ALIGN (0x4)
 *(.isr_vector)
 .isr_vector    0x0000000008000000      0x188 ./Core/Startup/startup_stm32f303k8tx.o
                0x0000000008000000                g_pfnVectors
                0x0000000008000188                . = ALIGN (0x4)

.text           0x0000000008000188     0x1d4c
                0x0000000008000188                . = ALIGN (0x4)
 *(.text)
 .text          0x0000000008000188       0x40 /Applications/STMicroelectronics/STM32CubeIDE.app/Contents/Eclipse/plugins/com.st.stm32cube.ide.mcu.externaltools.gnu-tools-for-stm32.11.3.rel1.macos64_1.1.1.202309131626/tools/bin/../lib/gcc/arm-none-eabi/11.3.1/thumb/v7e-m+fp/hard/crtbegin.o
 *(.text*)
 .text.main     0x00000000080001c8       0xd0 ./Core/Src/main.o
                0x00000000080001c8                main
 .text.SystemClock_Config
                0x0000000008000298       0x76 ./Core/Src/main.o
                0x0000000008000298                SystemClock_Config
 *fill*         0x000000000800030e        0x2 
 .text.MX_GPIO_Init
                0x0000000008000310       0x30 ./Core/Src/main.o
 .text.setBitHandler
                0x0000000008000340       0x4c ./Core/Src/main.o
                0x0000000008000340                setBitHandler
 .text.RAL_portClockEnable
                0x000000000800038c       0xb0 ./Core/Src/main.o
                0x000000000800038c                RAL_portClockEnable
 .text.RAL_pinRegister
                0x000000000800043c      0x134 ./Core/Src/main.o
                0x000000000800043c                RAL_pinRegister
 .text.RAL_writePin
                0x0000000008000570       0xbc ./Core/Src/main.o
                0x0000000008000570                RAL_writePin
 .text.RAL_readPin
                0x000000000800062c       0x38 ./Core/Src/main.o
                0x000000000800062c                RAL_readPin
 .text.Error_Handler
                0x0000000008000664        0xa ./Core/Src/main.o
                0x0000000008000664                Error_Handler
 *fill*         0x000000000800066e        0x2 
 .text.HAL_MspInit
                0x0000000008000670       0x48 ./Core/Src/stm32f3xx_hal_msp.o
                0x0000000008000670                HAL_MspInit
 .text.NMI_Handler
                0x00000000080006b8        0x6 ./Core/Src/stm32f3xx_it.o
                0x00000000080006b8                NMI_Handler
 .text.HardFault_Handler
                0x00000000080006be        0x6 ./Core/Src/stm32f3xx_it.o
                0x00000000080006be                HardFault_Handler
 .text.MemManage_Handler
                0x00000000080006c4        0x6 ./Core/Src/stm32f3xx_it.o
                0x00000000080006c4                MemManage_Handler
 .text.BusFault_Handler
                0x00000000080006ca        0x6 ./Core/Src/stm32f3xx_it.o
                0x00000000080006ca                BusFault_Handler
 .text.UsageFault_Handler
                0x00000000080006d0        0x6 ./Core/Src/stm32f3xx_it.o
                0x00000000080006d0                UsageFault_Handler
 .text.SVC_Handler
                0x00000000080006d6        0xe ./Core/Src/stm32f3xx_it.o
                0x00000000080006d6                SVC_Handler
 .text.DebugMon_Handler
                0x00000000080006e4        0xe ./Core/Src/stm32f3xx_it.o
                0x00000000080006e4                DebugMon_Handler
 .text.PendSV_Handler
                0x00000000080006f2        0xe ./Core/Src/stm32f3xx_it.o
                0x00000000080006f2                PendSV_Handler
 .text.SysTick_Handler
                0x0000000008000700        0xc ./Core/Src/stm32f3xx_it.o
                0x0000000008000700                SysTick_Handler
 .text.SystemInit
                0x000000000800070c       0x24 ./Core/Src/system_stm32f3xx.o
                0x000000000800070c                SystemInit
 .text.Reset_Handler
                0x0000000008000730       0x50 ./Core/Startup/startup_stm32f303k8tx.o
                0x0000000008000730                Reset_Handler
 .text.Default_Handler
                0x0000000008000780        0x2 ./Core/Startup/startup_stm32f303k8tx.o
                0x0000000008000780                TIM1_BRK_TIM15_IRQHandler
                0x0000000008000780                TIM1_CC_IRQHandler
                0x0000000008000780                PVD_IRQHandler
                0x0000000008000780                TAMP_STAMP_IRQHandler
                0x0000000008000780                EXTI3_IRQHandler
                0x0000000008000780                EXTI0_IRQHandler
                0x0000000008000780                FPU_IRQHandler
                0x0000000008000780                CAN_TX_IRQHandler
                0x0000000008000780                TIM1_UP_TIM16_IRQHandler
                0x0000000008000780                ADC1_2_IRQHandler
                0x0000000008000780                SPI1_IRQHandler
                0x0000000008000780                CAN_SCE_IRQHandler
                0x0000000008000780                DMA1_Channel4_IRQHandler
                0x0000000008000780                USART3_IRQHandler
                0x0000000008000780                DMA1_Channel7_IRQHandler
                0x0000000008000780                TIM7_DAC2_IRQHandler
                0x0000000008000780                CAN_RX1_IRQHandler
                0x0000000008000780                I2C1_EV_IRQHandler
                0x0000000008000780                DMA1_Channel6_IRQHandler
                0x0000000008000780                TIM3_IRQHandler
                0x0000000008000780                RCC_IRQHandler
                0x0000000008000780                DMA1_Channel1_IRQHandler
                0x0000000008000780                Default_Handler
                0x0000000008000780                EXTI15_10_IRQHandler
                0x0000000008000780                COMP2_IRQHandler
                0x0000000008000780                TIM6_DAC1_IRQHandler
                0x0000000008000780                EXTI9_5_IRQHandler
                0x0000000008000780                RTC_WKUP_IRQHandler
                0x0000000008000780                DMA1_Channel5_IRQHandler
                0x0000000008000780                EXTI4_IRQHandler
                0x0000000008000780                TIM1_TRG_COM_TIM17_IRQHandler
                0x0000000008000780                DMA1_Channel3_IRQHandler
                0x0000000008000780                WWDG_IRQHandler
                0x0000000008000780                TIM2_IRQHandler
                0x0000000008000780                EXTI1_IRQHandler
                0x0000000008000780                COMP4_6_IRQHandler
                0x0000000008000780                USART2_IRQHandler
                0x0000000008000780                DMA1_Channel2_IRQHandler
                0x0000000008000780                FLASH_IRQHandler
                0x0000000008000780                USART1_IRQHandler
                0x0000000008000780                CAN_RX0_IRQHandler
                0x0000000008000780                I2C1_ER_IRQHandler
                0x0000000008000780                EXTI2_TSC_IRQHandler
                0x0000000008000780                RTC_Alarm_IRQHandler
 *fill*         0x0000000008000782        0x2 
 .text.HAL_Init
                0x0000000008000784       0x2c ./Drivers/STM32F3xx_HAL_Driver/Src/stm32f3xx_hal.o
                0x0000000008000784                HAL_Init
 .text.HAL_InitTick
                0x00000000080007b0       0x60 ./Drivers/STM32F3xx_HAL_Driver/Src/stm32f3xx_hal.o
                0x00000000080007b0                HAL_InitTick
 .text.HAL_IncTick
                0x0000000008000810       0x28 ./Drivers/STM32F3xx_HAL_Driver/Src/stm32f3xx_hal.o
                0x0000000008000810                HAL_IncTick
 .text.HAL_GetTick
                0x0000000008000838       0x18 ./Drivers/STM32F3xx_HAL_Driver/Src/stm32f3xx_hal.o
                0x0000000008000838                HAL_GetTick
 .text.__NVIC_SetPriorityGrouping
                0x0000000008000850       0x48 ./Drivers/STM32F3xx_HAL_Driver/Src/stm32f3xx_hal_cortex.o
 .text.__NVIC_GetPriorityGrouping
                0x0000000008000898       0x1c ./Drivers/STM32F3xx_HAL_Driver/Src/stm32f3xx_hal_cortex.o
 .text.__NVIC_SetPriority
                0x00000000080008b4       0x54 ./Drivers/STM32F3xx_HAL_Driver/Src/stm32f3xx_hal_cortex.o
 .text.NVIC_EncodePriority
                0x0000000008000908       0x66 ./Drivers/STM32F3xx_HAL_Driver/Src/stm32f3xx_hal_cortex.o
 *fill*         0x000000000800096e        0x2 
 .text.SysTick_Config
                0x0000000008000970       0x44 ./Drivers/STM32F3xx_HAL_Driver/Src/stm32f3xx_hal_cortex.o
 .text.HAL_NVIC_SetPriorityGrouping
                0x00000000080009b4       0x16 ./Drivers/STM32F3xx_HAL_Driver/Src/stm32f3xx_hal_cortex.o
                0x00000000080009b4                HAL_NVIC_SetPriorityGrouping
 .text.HAL_NVIC_SetPriority
                0x00000000080009ca       0x38 ./Drivers/STM32F3xx_HAL_Driver/Src/stm32f3xx_hal_cortex.o
                0x00000000080009ca                HAL_NVIC_SetPriority
 .text.HAL_SYSTICK_Config
                0x0000000008000a02       0x18 ./Drivers/STM32F3xx_HAL_Driver/Src/stm32f3xx_hal_cortex.o
                0x0000000008000a02                HAL_SYSTICK_Config
 *fill*         0x0000000008000a1a        0x2 
 .text.HAL_RCC_OscConfig
                0x0000000008000a1c     0x107c ./Drivers/STM32F3xx_HAL_Driver/Src/stm32f3xx_hal_rcc.o
                0x0000000008000a1c                HAL_RCC_OscConfig
 .text.HAL_RCC_ClockConfig
                0x0000000008001a98      0x2f8 ./Drivers/STM32F3xx_HAL_Driver/Src/stm32f3xx_hal_rcc.o
                0x0000000008001a98                HAL_RCC_ClockConfig
 .text.HAL_RCC_GetSysClockFreq
                0x0000000008001d90       0xd4 ./Drivers/STM32F3xx_HAL_Driver/Src/stm32f3xx_hal_rcc.o
                0x0000000008001d90                HAL_RCC_GetSysClockFreq
 .text.memset   0x0000000008001e64       0x10 /Applications/STMicroelectronics/STM32CubeIDE.app/Contents/Eclipse/plugins/com.st.stm32cube.ide.mcu.externaltools.gnu-tools-for-stm32.11.3.rel1.macos64_1.1.1.202309131626/tools/bin/../lib/gcc/arm-none-eabi/11.3.1/../../../../arm-none-eabi/lib/thumb/v7e-m+fp/hard/libc_nano.a(libc_a-memset.o)
                0x0000000008001e64                memset
 .text.__libc_init_array
                0x0000000008001e74       0x48 /Applications/STMicroelectronics/STM32CubeIDE.app/Contents/Eclipse/plugins/com.st.stm32cube.ide.mcu.externaltools.gnu-tools-for-stm32.11.3.rel1.macos64_1.1.1.202309131626/tools/bin/../lib/gcc/arm-none-eabi/11.3.1/../../../../arm-none-eabi/lib/thumb/v7e-m+fp/hard/libc_nano.a(libc_a-init.o)
                0x0000000008001e74                __libc_init_array
 *(.glue_7)
 .glue_7        0x0000000008001ebc        0x0 linker stubs
 *(.glue_7t)
 .glue_7t       0x0000000008001ebc        0x0 linker stubs
 *(.eh_frame)
 .eh_frame      0x0000000008001ebc        0x0 /Applications/STMicroelectronics/STM32CubeIDE.app/Contents/Eclipse/plugins/com.st.stm32cube.ide.mcu.externaltools.gnu-tools-for-stm32.11.3.rel1.macos64_1.1.1.202309131626/tools/bin/../lib/gcc/arm-none-eabi/11.3.1/thumb/v7e-m+fp/hard/crtbegin.o
 *(.init)
 .init          0x0000000008001ebc        0x4 /Applications/STMicroelectronics/STM32CubeIDE.app/Contents/Eclipse/plugins/com.st.stm32cube.ide.mcu.externaltools.gnu-tools-for-stm32.11.3.rel1.macos64_1.1.1.202309131626/tools/bin/../lib/gcc/arm-none-eabi/11.3.1/thumb/v7e-m+fp/hard/crti.o
                0x0000000008001ebc                _init
 .init          0x0000000008001ec0        0x8 /Applications/STMicroelectronics/STM32CubeIDE.app/Contents/Eclipse/plugins/com.st.stm32cube.ide.mcu.externaltools.gnu-tools-for-stm32.11.3.rel1.macos64_1.1.1.202309131626/tools/bin/../lib/gcc/arm-none-eabi/11.3.1/thumb/v7e-m+fp/hard/crtn.o
 *(.fini)
 .fini          0x0000000008001ec8        0x4 /Applications/STMicroelectronics/STM32CubeIDE.app/Contents/Eclipse/plugins/com.st.stm32cube.ide.mcu.externaltools.gnu-tools-for-stm32.11.3.rel1.macos64_1.1.1.202309131626/tools/bin/../lib/gcc/arm-none-eabi/11.3.1/thumb/v7e-m+fp/hard/crti.o
                0x0000000008001ec8                _fini
 .fini          0x0000000008001ecc        0x8 /Applications/STMicroelectronics/STM32CubeIDE.app/Contents/Eclipse/plugins/com.st.stm32cube.ide.mcu.externaltools.gnu-tools-for-stm32.11.3.rel1.macos64_1.1.1.202309131626/tools/bin/../lib/gcc/arm-none-eabi/11.3.1/thumb/v7e-m+fp/hard/crtn.o
                0x0000000008001ed4                . = ALIGN (0x4)
                0x0000000008001ed4                _etext = .

.vfp11_veneer   0x0000000008001ed4        0x0
 .vfp11_veneer  0x0000000008001ed4        0x0 linker stubs

.v4_bx          0x0000000008001ed4        0x0
 .v4_bx         0x0000000008001ed4        0x0 linker stubs

.iplt           0x0000000008001ed4        0x0
 .iplt          0x0000000008001ed4        0x0 /Applications/STMicroelectronics/STM32CubeIDE.app/Contents/Eclipse/plugins/com.st.stm32cube.ide.mcu.externaltools.gnu-tools-for-stm32.11.3.rel1.macos64_1.1.1.202309131626/tools/bin/../lib/gcc/arm-none-eabi/11.3.1/thumb/v7e-m+fp/hard/crtbegin.o

.rodata         0x0000000008001ed4       0x30
                0x0000000008001ed4                . = ALIGN (0x4)
 *(.rodata)
 *(.rodata*)
 .rodata.AHBPrescTable
                0x0000000008001ed4       0x10 ./Core/Src/system_stm32f3xx.o
                0x0000000008001ed4                AHBPrescTable
 .rodata.aPLLMULFactorTable
                0x0000000008001ee4       0x10 ./Drivers/STM32F3xx_HAL_Driver/Src/stm32f3xx_hal_rcc.o
 .rodata.aPredivFactorTable
                0x0000000008001ef4       0x10 ./Drivers/STM32F3xx_HAL_Driver/Src/stm32f3xx_hal_rcc.o
                0x0000000008001f04                . = ALIGN (0x4)

.rel.dyn        0x0000000008001f04        0x0
 .rel.iplt      0x0000000008001f04        0x0 /Applications/STMicroelectronics/STM32CubeIDE.app/Contents/Eclipse/plugins/com.st.stm32cube.ide.mcu.externaltools.gnu-tools-for-stm32.11.3.rel1.macos64_1.1.1.202309131626/tools/bin/../lib/gcc/arm-none-eabi/11.3.1/thumb/v7e-m+fp/hard/crtbegin.o

.ARM.extab      0x0000000008001f04        0x0
                0x0000000008001f04                . = ALIGN (0x4)
 *(.ARM.extab* .gnu.linkonce.armextab.*)
                0x0000000008001f04                . = ALIGN (0x4)

.ARM            0x0000000008001f04        0x0
                0x0000000008001f04                . = ALIGN (0x4)
                0x0000000008001f04                __exidx_start = .
 *(.ARM.exidx*)
                0x0000000008001f04                __exidx_end = .
                0x0000000008001f04                . = ALIGN (0x4)

.preinit_array  0x0000000008001f04        0x0
                0x0000000008001f04                . = ALIGN (0x4)
                0x0000000008001f04                PROVIDE (__preinit_array_start = .)
 *(.preinit_array*)
                0x0000000008001f04                PROVIDE (__preinit_array_end = .)
                0x0000000008001f04                . = ALIGN (0x4)

.init_array     0x0000000008001f04        0x4
                0x0000000008001f04                . = ALIGN (0x4)
                0x0000000008001f04                PROVIDE (__init_array_start = .)
 *(SORT_BY_NAME(.init_array.*))
 *(.init_array*)
 .init_array    0x0000000008001f04        0x4 /Applications/STMicroelectronics/STM32CubeIDE.app/Contents/Eclipse/plugins/com.st.stm32cube.ide.mcu.externaltools.gnu-tools-for-stm32.11.3.rel1.macos64_1.1.1.202309131626/tools/bin/../lib/gcc/arm-none-eabi/11.3.1/thumb/v7e-m+fp/hard/crtbegin.o
                0x0000000008001f08                PROVIDE (__init_array_end = .)
                0x0000000008001f08                . = ALIGN (0x4)

.fini_array     0x0000000008001f08        0x4
                0x0000000008001f08                . = ALIGN (0x4)
                [!provide]                        PROVIDE (__fini_array_start = .)
 *(SORT_BY_NAME(.fini_array.*))
 *(.fini_array*)
 .fini_array    0x0000000008001f08        0x4 /Applications/STMicroelectronics/STM32CubeIDE.app/Contents/Eclipse/plugins/com.st.stm32cube.ide.mcu.externaltools.gnu-tools-for-stm32.11.3.rel1.macos64_1.1.1.202309131626/tools/bin/../lib/gcc/arm-none-eabi/11.3.1/thumb/v7e-m+fp/hard/crtbegin.o
                [!provide]                        PROVIDE (__fini_array_end = .)
                0x0000000008001f0c                . = ALIGN (0x4)
                0x0000000008001f0c                _sidata = LOADADDR (.data)

.data           0x0000000020000000        0xc load address 0x0000000008001f0c
                0x0000000020000000                . = ALIGN (0x4)
                0x0000000020000000                _sdata = .
 *(.data)
 *(.data*)
 .data.SystemCoreClock
                0x0000000020000000        0x4 ./Core/Src/system_stm32f3xx.o
                0x0000000020000000                SystemCoreClock
 .data.uwTickPrio
                0x0000000020000004        0x4 ./Drivers/STM32F3xx_HAL_Driver/Src/stm32f3xx_hal.o
                0x0000000020000004                uwTickPrio
 .data.uwTickFreq
                0x0000000020000008        0x1 ./Drivers/STM32F3xx_HAL_Driver/Src/stm32f3xx_hal.o
                0x0000000020000008                uwTickFreq
 *(.RamFunc)
 *(.RamFunc*)
                0x000000002000000c                . = ALIGN (0x4)
 *fill*         0x0000000020000009        0x3 
                0x000000002000000c                _edata = .
                0x0000000008001f18                _siccmram = LOADADDR (.ccmram)

.igot.plt       0x000000002000000c        0x0 load address 0x0000000008001f18
 .igot.plt      0x000000002000000c        0x0 /Applications/STMicroelectronics/STM32CubeIDE.app/Contents/Eclipse/plugins/com.st.stm32cube.ide.mcu.externaltools.gnu-tools-for-stm32.11.3.rel1.macos64_1.1.1.202309131626/tools/bin/../lib/gcc/arm-none-eabi/11.3.1/thumb/v7e-m+fp/hard/crtbegin.o

.ccmram         0x0000000010000000        0x0 load address 0x0000000008001f18
                0x0000000010000000                . = ALIGN (0x4)
                0x0000000010000000                _sccmram = .
 *(.ccmram)
 *(.ccmram*)
                0x0000000010000000                . = ALIGN (0x4)
                0x0000000010000000                _eccmram = .
                0x0000000010000000                . = ALIGN (0x4)

.bss            0x000000002000000c       0x20
                0x000000002000000c                _sbss = .
                0x000000002000000c                __bss_start__ = _sbss
 *(.bss)
 .bss           0x000000002000000c       0x1c /Applications/STMicroelectronics/STM32CubeIDE.app/Contents/Eclipse/plugins/com.st.stm32cube.ide.mcu.externaltools.gnu-tools-for-stm32.11.3.rel1.macos64_1.1.1.202309131626/tools/bin/../lib/gcc/arm-none-eabi/11.3.1/thumb/v7e-m+fp/hard/crtbegin.o
 *(.bss*)
 .bss.uwTick    0x0000000020000028        0x4 ./Drivers/STM32F3xx_HAL_Driver/Src/stm32f3xx_hal.o
                0x0000000020000028                uwTick
 *(COMMON)
                0x000000002000002c                . = ALIGN (0x4)
                0x000000002000002c                _ebss = .
                0x000000002000002c                __bss_end__ = _ebss

._user_heap_stack
                0x000000002000002c      0x604
                0x0000000020000030                . = ALIGN (0x8)
 *fill*         0x000000002000002c        0x4 
                [!provide]                        PROVIDE (end = .)
                0x0000000020000030                PROVIDE (_end = .)
                0x0000000020000230                . = (. + _Min_Heap_Size)
 *fill*         0x0000000020000030      0x200 
                0x0000000020000630                . = (. + _Min_Stack_Size)
 *fill*         0x0000000020000230      0x400 
                0x0000000020000630                . = ALIGN (0x8)

/DISCARD/
 libc.a(*)
 libm.a(*)
 libgcc.a(*)

.ARM.attributes
                0x0000000000000000       0x30
 *(.ARM.attributes)
 .ARM.attributes
                0x0000000000000000       0x1e /Applications/STMicroelectronics/STM32CubeIDE.app/Contents/Eclipse/plugins/com.st.stm32cube.ide.mcu.externaltools.gnu-tools-for-stm32.11.3.rel1.macos64_1.1.1.202309131626/tools/bin/../lib/gcc/arm-none-eabi/11.3.1/thumb/v7e-m+fp/hard/crti.o
 .ARM.attributes
                0x000000000000001e       0x34 /Applications/STMicroelectronics/STM32CubeIDE.app/Contents/Eclipse/plugins/com.st.stm32cube.ide.mcu.externaltools.gnu-tools-for-stm32.11.3.rel1.macos64_1.1.1.202309131626/tools/bin/../lib/gcc/arm-none-eabi/11.3.1/thumb/v7e-m+fp/hard/crtbegin.o
 .ARM.attributes
                0x0000000000000052       0x34 ./Core/Src/main.o
 .ARM.attributes
                0x0000000000000086       0x34 ./Core/Src/stm32f3xx_hal_msp.o
 .ARM.attributes
                0x00000000000000ba       0x34 ./Core/Src/stm32f3xx_it.o
 .ARM.attributes
                0x00000000000000ee       0x34 ./Core/Src/system_stm32f3xx.o
 .ARM.attributes
                0x0000000000000122       0x21 ./Core/Startup/startup_stm32f303k8tx.o
 .ARM.attributes
                0x0000000000000143       0x34 ./Drivers/STM32F3xx_HAL_Driver/Src/stm32f3xx_hal.o
 .ARM.attributes
                0x0000000000000177       0x34 ./Drivers/STM32F3xx_HAL_Driver/Src/stm32f3xx_hal_cortex.o
 .ARM.attributes
                0x00000000000001ab       0x34 ./Drivers/STM32F3xx_HAL_Driver/Src/stm32f3xx_hal_rcc.o
 .ARM.attributes
                0x00000000000001df       0x34 /Applications/STMicroelectronics/STM32CubeIDE.app/Contents/Eclipse/plugins/com.st.stm32cube.ide.mcu.externaltools.gnu-tools-for-stm32.11.3.rel1.macos64_1.1.1.202309131626/tools/bin/../lib/gcc/arm-none-eabi/11.3.1/../../../../arm-none-eabi/lib/thumb/v7e-m+fp/hard/libc_nano.a(libc_a-memset.o)
 .ARM.attributes
                0x0000000000000213       0x34 /Applications/STMicroelectronics/STM32CubeIDE.app/Contents/Eclipse/plugins/com.st.stm32cube.ide.mcu.externaltools.gnu-tools-for-stm32.11.3.rel1.macos64_1.1.1.202309131626/tools/bin/../lib/gcc/arm-none-eabi/11.3.1/../../../../arm-none-eabi/lib/thumb/v7e-m+fp/hard/libc_nano.a(libc_a-init.o)
 .ARM.attributes
                0x0000000000000247       0x1e /Applications/STMicroelectronics/STM32CubeIDE.app/Contents/Eclipse/plugins/com.st.stm32cube.ide.mcu.externaltools.gnu-tools-for-stm32.11.3.rel1.macos64_1.1.1.202309131626/tools/bin/../lib/gcc/arm-none-eabi/11.3.1/thumb/v7e-m+fp/hard/crtn.o
OUTPUT(F303_reg.elf elf32-littlearm)
LOAD linker stubs
LOAD /Applications/STMicroelectronics/STM32CubeIDE.app/Contents/Eclipse/plugins/com.st.stm32cube.ide.mcu.externaltools.gnu-tools-for-stm32.11.3.rel1.macos64_1.1.1.202309131626/tools/bin/../lib/gcc/arm-none-eabi/11.3.1/../../../../arm-none-eabi/lib/thumb/v7e-m+fp/hard/libc.a
LOAD /Applications/STMicroelectronics/STM32CubeIDE.app/Contents/Eclipse/plugins/com.st.stm32cube.ide.mcu.externaltools.gnu-tools-for-stm32.11.3.rel1.macos64_1.1.1.202309131626/tools/bin/../lib/gcc/arm-none-eabi/11.3.1/../../../../arm-none-eabi/lib/thumb/v7e-m+fp/hard/libm.a
LOAD /Applications/STMicroelectronics/STM32CubeIDE.app/Contents/Eclipse/plugins/com.st.stm32cube.ide.mcu.externaltools.gnu-tools-for-stm32.11.3.rel1.macos64_1.1.1.202309131626/tools/bin/../lib/gcc/arm-none-eabi/11.3.1/thumb/v7e-m+fp/hard/libgcc.a

.comment        0x0000000000000000       0x43
 .comment       0x0000000000000000       0x43 /Applications/STMicroelectronics/STM32CubeIDE.app/Contents/Eclipse/plugins/com.st.stm32cube.ide.mcu.externaltools.gnu-tools-for-stm32.11.3.rel1.macos64_1.1.1.202309131626/tools/bin/../lib/gcc/arm-none-eabi/11.3.1/thumb/v7e-m+fp/hard/crtbegin.o
                                         0x44 (size before relaxing)
 .comment       0x0000000000000043       0x44 ./Core/Src/main.o
 .comment       0x0000000000000043       0x44 ./Core/Src/stm32f3xx_hal_msp.o
 .comment       0x0000000000000043       0x44 ./Core/Src/stm32f3xx_it.o
 .comment       0x0000000000000043       0x44 ./Core/Src/system_stm32f3xx.o
 .comment       0x0000000000000043       0x44 ./Drivers/STM32F3xx_HAL_Driver/Src/stm32f3xx_hal.o
 .comment       0x0000000000000043       0x44 ./Drivers/STM32F3xx_HAL_Driver/Src/stm32f3xx_hal_cortex.o
 .comment       0x0000000000000043       0x44 ./Drivers/STM32F3xx_HAL_Driver/Src/stm32f3xx_hal_rcc.o

.debug_info     0x0000000000000000     0x35e4
 .debug_info    0x0000000000000000      0x858 ./Core/Src/main.o
 .debug_info    0x0000000000000858      0x18d ./Core/Src/stm32f3xx_hal_msp.o
 .debug_info    0x00000000000009e5      0x113 ./Core/Src/stm32f3xx_it.o
 .debug_info    0x0000000000000af8      0x407 ./Core/Src/system_stm32f3xx.o
 .debug_info    0x0000000000000eff       0x23 ./Core/Startup/startup_stm32f303k8tx.o
 .debug_info    0x0000000000000f22      0x74a ./Drivers/STM32F3xx_HAL_Driver/Src/stm32f3xx_hal.o
 .debug_info    0x000000000000166c      0xa87 ./Drivers/STM32F3xx_HAL_Driver/Src/stm32f3xx_hal_cortex.o
 .debug_info    0x00000000000020f3     0x14f1 ./Drivers/STM32F3xx_HAL_Driver/Src/stm32f3xx_hal_rcc.o

.debug_abbrev   0x0000000000000000      0xcc5
 .debug_abbrev  0x0000000000000000      0x253 ./Core/Src/main.o
 .debug_abbrev  0x0000000000000253       0xc6 ./Core/Src/stm32f3xx_hal_msp.o
 .debug_abbrev  0x0000000000000319       0x73 ./Core/Src/stm32f3xx_it.o
 .debug_abbrev  0x000000000000038c      0x11a ./Core/Src/system_stm32f3xx.o
 .debug_abbrev  0x00000000000004a6       0x12 ./Core/Startup/startup_stm32f303k8tx.o
 .debug_abbrev  0x00000000000004b8      0x215 ./Drivers/STM32F3xx_HAL_Driver/Src/stm32f3xx_hal.o
 .debug_abbrev  0x00000000000006cd      0x2f8 ./Drivers/STM32F3xx_HAL_Driver/Src/stm32f3xx_hal_cortex.o
 .debug_abbrev  0x00000000000009c5      0x300 ./Drivers/STM32F3xx_HAL_Driver/Src/stm32f3xx_hal_rcc.o

.debug_aranges  0x0000000000000000      0x398
 .debug_aranges
                0x0000000000000000       0x60 ./Core/Src/main.o
 .debug_aranges
                0x0000000000000060       0x20 ./Core/Src/stm32f3xx_hal_msp.o
 .debug_aranges
                0x0000000000000080       0x60 ./Core/Src/stm32f3xx_it.o
 .debug_aranges
                0x00000000000000e0       0x28 ./Core/Src/system_stm32f3xx.o
 .debug_aranges
                0x0000000000000108       0x28 ./Core/Startup/startup_stm32f303k8tx.o
 .debug_aranges
                0x0000000000000130       0xe0 ./Drivers/STM32F3xx_HAL_Driver/Src/stm32f3xx_hal.o
 .debug_aranges
                0x0000000000000210      0x100 ./Drivers/STM32F3xx_HAL_Driver/Src/stm32f3xx_hal_cortex.o
 .debug_aranges
                0x0000000000000310       0x88 ./Drivers/STM32F3xx_HAL_Driver/Src/stm32f3xx_hal_rcc.o

.debug_rnglists
                0x0000000000000000      0x294
 .debug_rnglists
                0x0000000000000000       0x47 ./Core/Src/main.o
 .debug_rnglists
                0x0000000000000047       0x13 ./Core/Src/stm32f3xx_hal_msp.o
 .debug_rnglists
                0x000000000000005a       0x43 ./Core/Src/stm32f3xx_it.o
 .debug_rnglists
                0x000000000000009d       0x1a ./Core/Src/system_stm32f3xx.o
 .debug_rnglists
                0x00000000000000b7       0x19 ./Core/Startup/startup_stm32f303k8tx.o
 .debug_rnglists
                0x00000000000000d0       0xa3 ./Drivers/STM32F3xx_HAL_Driver/Src/stm32f3xx_hal.o
 .debug_rnglists
                0x0000000000000173       0xbb ./Drivers/STM32F3xx_HAL_Driver/Src/stm32f3xx_hal_cortex.o
 .debug_rnglists
                0x000000000000022e       0x66 ./Drivers/STM32F3xx_HAL_Driver/Src/stm32f3xx_hal_rcc.o

.debug_macro    0x0000000000000000    0x18c71
 .debug_macro   0x0000000000000000      0x1a7 ./Core/Src/main.o
 .debug_macro   0x00000000000001a7      0xaa8 ./Core/Src/main.o
 .debug_macro   0x0000000000000c4f      0x14b ./Core/Src/main.o
 .debug_macro   0x0000000000000d9a       0x2e ./Core/Src/main.o
 .debug_macro   0x0000000000000dc8       0x28 ./Core/Src/main.o
 .debug_macro   0x0000000000000df0       0x22 ./Core/Src/main.o
 .debug_macro   0x0000000000000e12       0x8e ./Core/Src/main.o
 .debug_macro   0x0000000000000ea0       0x51 ./Core/Src/main.o
 .debug_macro   0x0000000000000ef1      0x103 ./Core/Src/main.o
 .debug_macro   0x0000000000000ff4       0x6a ./Core/Src/main.o
 .debug_macro   0x000000000000105e      0x1df ./Core/Src/main.o
 .debug_macro   0x000000000000123d       0x1c ./Core/Src/main.o
 .debug_macro   0x0000000000001259       0x22 ./Core/Src/main.o
 .debug_macro   0x000000000000127b       0xd9 ./Core/Src/main.o
 .debug_macro   0x0000000000001354      0xf07 ./Core/Src/main.o
 .debug_macro   0x000000000000225b    0x10be0 ./Core/Src/main.o
 .debug_macro   0x0000000000012e3b       0x6d ./Core/Src/main.o
 .debug_macro   0x0000000000012ea8     0x3558 ./Core/Src/main.o
 .debug_macro   0x0000000000016400      0x174 ./Core/Src/main.o
 .debug_macro   0x0000000000016574       0x55 ./Core/Src/main.o
 .debug_macro   0x00000000000165c9      0x8f8 ./Core/Src/main.o
 .debug_macro   0x0000000000016ec1      0x304 ./Core/Src/main.o
 .debug_macro   0x00000000000171c5      0x1b5 ./Core/Src/main.o
 .debug_macro   0x000000000001737a      0x11b ./Core/Src/main.o
 .debug_macro   0x0000000000017495      0x1d5 ./Core/Src/main.o
 .debug_macro   0x000000000001766a      0x1bc ./Core/Src/main.o
 .debug_macro   0x0000000000017826       0x34 ./Core/Src/main.o
 .debug_macro   0x000000000001785a       0x3c ./Core/Src/main.o
 .debug_macro   0x0000000000017896       0x57 ./Core/Src/main.o
 .debug_macro   0x00000000000178ed       0xc5 ./Core/Src/main.o
 .debug_macro   0x00000000000179b2      0x19f ./Core/Src/main.o
 .debug_macro   0x0000000000017b51      0x233 ./Core/Src/main.o
 .debug_macro   0x0000000000017d84       0x5b ./Core/Src/main.o
 .debug_macro   0x0000000000017ddf       0xa5 ./Core/Src/main.o
 .debug_macro   0x0000000000017e84       0x81 ./Core/Src/main.o
 .debug_macro   0x0000000000017f05       0xd3 ./Core/Src/main.o
 .debug_macro   0x0000000000017fd8      0x285 ./Core/Src/main.o
 .debug_macro   0x000000000001825d      0x1a7 ./Core/Src/stm32f3xx_hal_msp.o
 .debug_macro   0x0000000000018404      0x1b1 ./Core/Src/stm32f3xx_it.o
 .debug_macro   0x00000000000185b5      0x19d ./Core/Src/system_stm32f3xx.o
 .debug_macro   0x0000000000018752      0x1c1 ./Drivers/STM32F3xx_HAL_Driver/Src/stm32f3xx_hal.o
 .debug_macro   0x0000000000018913      0x19d ./Drivers/STM32F3xx_HAL_Driver/Src/stm32f3xx_hal_cortex.o
 .debug_macro   0x0000000000018ab0      0x1c1 ./Drivers/STM32F3xx_HAL_Driver/Src/stm32f3xx_hal_rcc.o

.debug_line     0x0000000000000000     0x4878
 .debug_line    0x0000000000000000      0x9c3 ./Core/Src/main.o
 .debug_line    0x00000000000009c3      0x6e0 ./Core/Src/stm32f3xx_hal_msp.o
 .debug_line    0x00000000000010a3      0x7a2 ./Core/Src/stm32f3xx_it.o
 .debug_line    0x0000000000001845      0x756 ./Core/Src/system_stm32f3xx.o
 .debug_line    0x0000000000001f9b       0x7a ./Core/Startup/startup_stm32f303k8tx.o
 .debug_line    0x0000000000002015      0x98b ./Drivers/STM32F3xx_HAL_Driver/Src/stm32f3xx_hal.o
 .debug_line    0x00000000000029a0      0xb73 ./Drivers/STM32F3xx_HAL_Driver/Src/stm32f3xx_hal_cortex.o
 .debug_line    0x0000000000003513     0x1365 ./Drivers/STM32F3xx_HAL_Driver/Src/stm32f3xx_hal_rcc.o

.debug_str      0x0000000000000000    0x920a3
 .debug_str     0x0000000000000000    0x91312 ./Core/Src/main.o
                                      0x9158f (size before relaxing)
 .debug_str     0x0000000000091312       0x2c ./Core/Src/stm32f3xx_hal_msp.o
                                      0x911cf (size before relaxing)
 .debug_str     0x000000000009133e       0xc9 ./Core/Src/stm32f3xx_it.o
                                      0x911fe (size before relaxing)
 .debug_str     0x0000000000091407       0xf3 ./Core/Src/system_stm32f3xx.o
                                      0x9128d (size before relaxing)
 .debug_str     0x00000000000914fa       0x34 ./Core/Startup/startup_stm32f303k8tx.o
                                         0x66 (size before relaxing)
 .debug_str     0x000000000009152e      0x604 ./Drivers/STM32F3xx_HAL_Driver/Src/stm32f3xx_hal.o
                                      0x9197d (size before relaxing)
 .debug_str     0x0000000000091b32      0x267 ./Drivers/STM32F3xx_HAL_Driver/Src/stm32f3xx_hal_cortex.o
                                      0x918a2 (size before relaxing)
 .debug_str     0x0000000000091d99      0x30a ./Drivers/STM32F3xx_HAL_Driver/Src/stm32f3xx_hal_rcc.o
                                      0x9172d (size before relaxing)

.debug_frame    0x0000000000000000      0xca8
 .debug_frame   0x0000000000000000      0x158 ./Core/Src/main.o
 .debug_frame   0x0000000000000158       0x38 ./Core/Src/stm32f3xx_hal_msp.o
 .debug_frame   0x0000000000000190      0x104 ./Core/Src/stm32f3xx_it.o
 .debug_frame   0x0000000000000294       0x58 ./Core/Src/system_stm32f3xx.o
 .debug_frame   0x00000000000002ec      0x334 ./Drivers/STM32F3xx_HAL_Driver/Src/stm32f3xx_hal.o
 .debug_frame   0x0000000000000620      0x428 ./Drivers/STM32F3xx_HAL_Driver/Src/stm32f3xx_hal_cortex.o
 .debug_frame   0x0000000000000a48      0x214 ./Drivers/STM32F3xx_HAL_Driver/Src/stm32f3xx_hal_rcc.o
 .debug_frame   0x0000000000000c5c       0x20 /Applications/STMicroelectronics/STM32CubeIDE.app/Contents/Eclipse/plugins/com.st.stm32cube.ide.mcu.externaltools.gnu-tools-for-stm32.11.3.rel1.macos64_1.1.1.202309131626/tools/bin/../lib/gcc/arm-none-eabi/11.3.1/../../../../arm-none-eabi/lib/thumb/v7e-m+fp/hard/libc_nano.a(libc_a-memset.o)
 .debug_frame   0x0000000000000c7c       0x2c /Applications/STMicroelectronics/STM32CubeIDE.app/Contents/Eclipse/plugins/com.st.stm32cube.ide.mcu.externaltools.gnu-tools-for-stm32.11.3.rel1.macos64_1.1.1.202309131626/tools/bin/../lib/gcc/arm-none-eabi/11.3.1/../../../../arm-none-eabi/lib/thumb/v7e-m+fp/hard/libc_nano.a(libc_a-init.o)

.debug_line_str
                0x0000000000000000       0x5a
 .debug_line_str
                0x0000000000000000       0x5a ./Core/Startup/startup_stm32f303k8tx.o
                                         0x72 (size before relaxing)
