Archive member included to satisfy reference by file (symbol)

/Applications/STMicroelectronics/STM32CubeIDE.app/Contents/Eclipse/plugins/com.st.stm32cube.ide.mcu.externaltools.gnu-tools-for-stm32.11.3.rel1.macos64_1.1.1.202309131626/tools/bin/../lib/gcc/arm-none-eabi/11.3.1/../../../../arm-none-eabi/lib/thumb/v7e-m+fp/hard/libc_nano.a(libc_a-exit.o)
                              /Applications/STMicroelectronics/STM32CubeIDE.app/Contents/Eclipse/plugins/com.st.stm32cube.ide.mcu.externaltools.gnu-tools-for-stm32.11.3.rel1.macos64_1.1.1.202309131626/tools/bin/../lib/gcc/arm-none-eabi/11.3.1/../../../../arm-none-eabi/lib/thumb/v7e-m+fp/hard/crt0.o (exit)
/Applications/STMicroelectronics/STM32CubeIDE.app/Contents/Eclipse/plugins/com.st.stm32cube.ide.mcu.externaltools.gnu-tools-for-stm32.11.3.rel1.macos64_1.1.1.202309131626/tools/bin/../lib/gcc/arm-none-eabi/11.3.1/../../../../arm-none-eabi/lib/thumb/v7e-m+fp/hard/libc_nano.a(libc_a-findfp.o)
                              /Applications/STMicroelectronics/STM32CubeIDE.app/Contents/Eclipse/plugins/com.st.stm32cube.ide.mcu.externaltools.gnu-tools-for-stm32.11.3.rel1.macos64_1.1.1.202309131626/tools/bin/../lib/gcc/arm-none-eabi/11.3.1/../../../../arm-none-eabi/lib/thumb/v7e-m+fp/hard/libc_nano.a(libc_a-exit.o) (__stdio_exit_handler)
/Applications/STMicroelectronics/STM32CubeIDE.app/Contents/Eclipse/plugins/com.st.stm32cube.ide.mcu.externaltools.gnu-tools-for-stm32.11.3.rel1.macos64_1.1.1.202309131626/tools/bin/../lib/gcc/arm-none-eabi/11.3.1/../../../../arm-none-eabi/lib/thumb/v7e-m+fp/hard/libc_nano.a(libc_a-fwalk.o)
                              /Applications/STMicroelectronics/STM32CubeIDE.app/Contents/Eclipse/plugins/com.st.stm32cube.ide.mcu.externaltools.gnu-tools-for-stm32.11.3.rel1.macos64_1.1.1.202309131626/tools/bin/../lib/gcc/arm-none-eabi/11.3.1/../../../../arm-none-eabi/lib/thumb/v7e-m+fp/hard/libc_nano.a(libc_a-findfp.o) (_fwalk_sglue)
/Applications/STMicroelectronics/STM32CubeIDE.app/Contents/Eclipse/plugins/com.st.stm32cube.ide.mcu.externaltools.gnu-tools-for-stm32.11.3.rel1.macos64_1.1.1.202309131626/tools/bin/../lib/gcc/arm-none-eabi/11.3.1/../../../../arm-none-eabi/lib/thumb/v7e-m+fp/hard/libc_nano.a(libc_a-memset.o)
                              /Applications/STMicroelectronics/STM32CubeIDE.app/Contents/Eclipse/plugins/com.st.stm32cube.ide.mcu.externaltools.gnu-tools-for-stm32.11.3.rel1.macos64_1.1.1.202309131626/tools/bin/../lib/gcc/arm-none-eabi/11.3.1/../../../../arm-none-eabi/lib/thumb/v7e-m+fp/hard/crt0.o (memset)
/Applications/STMicroelectronics/STM32CubeIDE.app/Contents/Eclipse/plugins/com.st.stm32cube.ide.mcu.externaltools.gnu-tools-for-stm32.11.3.rel1.macos64_1.1.1.202309131626/tools/bin/../lib/gcc/arm-none-eabi/11.3.1/../../../../arm-none-eabi/lib/thumb/v7e-m+fp/hard/libc_nano.a(libc_a-impure.o)
                              /Applications/STMicroelectronics/STM32CubeIDE.app/Contents/Eclipse/plugins/com.st.stm32cube.ide.mcu.externaltools.gnu-tools-for-stm32.11.3.rel1.macos64_1.1.1.202309131626/tools/bin/../lib/gcc/arm-none-eabi/11.3.1/../../../../arm-none-eabi/lib/thumb/v7e-m+fp/hard/libc_nano.a(libc_a-findfp.o) (_impure_data)
/Applications/STMicroelectronics/STM32CubeIDE.app/Contents/Eclipse/plugins/com.st.stm32cube.ide.mcu.externaltools.gnu-tools-for-stm32.11.3.rel1.macos64_1.1.1.202309131626/tools/bin/../lib/gcc/arm-none-eabi/11.3.1/../../../../arm-none-eabi/lib/thumb/v7e-m+fp/hard/libc_nano.a(libc_a-errno.o)
                              ./Core/Src/syscalls.o (__errno)
/Applications/STMicroelectronics/STM32CubeIDE.app/Contents/Eclipse/plugins/com.st.stm32cube.ide.mcu.externaltools.gnu-tools-for-stm32.11.3.rel1.macos64_1.1.1.202309131626/tools/bin/../lib/gcc/arm-none-eabi/11.3.1/../../../../arm-none-eabi/lib/thumb/v7e-m+fp/hard/libc_nano.a(libc_a-init.o)
                              /Applications/STMicroelectronics/STM32CubeIDE.app/Contents/Eclipse/plugins/com.st.stm32cube.ide.mcu.externaltools.gnu-tools-for-stm32.11.3.rel1.macos64_1.1.1.202309131626/tools/bin/../lib/gcc/arm-none-eabi/11.3.1/../../../../arm-none-eabi/lib/thumb/v7e-m+fp/hard/crt0.o (__libc_init_array)
/Applications/STMicroelectronics/STM32CubeIDE.app/Contents/Eclipse/plugins/com.st.stm32cube.ide.mcu.externaltools.gnu-tools-for-stm32.11.3.rel1.macos64_1.1.1.202309131626/tools/bin/../lib/gcc/arm-none-eabi/11.3.1/../../../../arm-none-eabi/lib/thumb/v7e-m+fp/hard/libc_nano.a(libc_a-lock.o)
                              /Applications/STMicroelectronics/STM32CubeIDE.app/Contents/Eclipse/plugins/com.st.stm32cube.ide.mcu.externaltools.gnu-tools-for-stm32.11.3.rel1.macos64_1.1.1.202309131626/tools/bin/../lib/gcc/arm-none-eabi/11.3.1/../../../../arm-none-eabi/lib/thumb/v7e-m+fp/hard/libc_nano.a(libc_a-findfp.o) (__retarget_lock_init_recursive)
[...]
Memory Configuration

Name             Origin             Length             Attributes
CCMRAM           0x0000000010000000 0x0000000000001000 xrw
RAM              0x0000000020000000 0x0000000000003000 xrw
FLASH            0x0000000008000000 0x0000000000010000 xr
*default*        0x0000000000000000 0xffffffffffffffff

Linker script and memory map

LOAD /Applications/STMicroelectronics/STM32CubeIDE.app/Contents/Eclipse/plugins/com.st.stm32cube.ide.mcu.externaltools.gnu-tools-for-stm32.11.3.rel1.macos64_1.1.1.202309131626/tools/bin/../lib/gcc/arm-none-eabi/11.3.1/thumb/v7e-m+fp/hard/crti.o
LOAD /Applications/STMicroelectronics/STM32CubeIDE.app/Contents/Eclipse/plugins/com.st.stm32cube.ide.mcu.externaltools.gnu-tools-for-stm32.11.3.rel1.macos64_1.1.1.202309131626/tools/bin/../lib/gcc/arm-none-eabi/11.3.1/thumb/v7e-m+fp/hard/crtbegin.o
LOAD /Applications/STMicroelectronics/STM32CubeIDE.app/Contents/Eclipse/plugins/com.st.stm32cube.ide.mcu.externaltools.gnu-tools-for-stm32.11.3.rel1.macos64_1.1.1.202309131626/tools/bin/../lib/gcc/arm-none-eabi/11.3.1/../../../../arm-none-eabi/lib/thumb/v7e-m+fp/hard/crt0.o
LOAD ./Core/Src/RAL_main.o
LOAD ./Core/Src/main.o
LOAD ./Core/Src/stm32f3xx_hal_msp.o
LOAD ./Core/Src/stm32f3xx_it.o
LOAD ./Core/Src/syscalls.o
LOAD ./Core/Src/sysmem.o
LOAD ./Core/Src/system_stm32f3xx.o
LOAD ./Core/Startup/startup_stm32f303k8tx.o
LOAD ./Drivers/STM32F3xx_HAL_Driver/Src/stm32f3xx_hal.o
LOAD ./Drivers/STM32F3xx_HAL_Driver/Src/stm32f3xx_hal_cortex.o
LOAD ./Drivers/STM32F3xx_HAL_Driver/Src/stm32f3xx_hal_dma.o
LOAD ./Drivers/STM32F3xx_HAL_Driver/Src/stm32f3xx_hal_exti.o
LOAD ./Drivers/STM32F3xx_HAL_Driver/Src/stm32f3xx_hal_flash.o
LOAD ./Drivers/STM32F3xx_HAL_Driver/Src/stm32f3xx_hal_flash_ex.o
LOAD ./Drivers/STM32F3xx_HAL_Driver/Src/stm32f3xx_hal_gpio.o
LOAD ./Drivers/STM32F3xx_HAL_Driver/Src/stm32f3xx_hal_i2c.o
LOAD ./Drivers/STM32F3xx_HAL_Driver/Src/stm32f3xx_hal_i2c_ex.o
LOAD ./Drivers/STM32F3xx_HAL_Driver/Src/stm32f3xx_hal_pwr.o
LOAD ./Drivers/STM32F3xx_HAL_Driver/Src/stm32f3xx_hal_pwr_ex.o
LOAD ./Drivers/STM32F3xx_HAL_Driver/Src/stm32f3xx_hal_rcc.o
LOAD ./Drivers/STM32F3xx_HAL_Driver/Src/stm32f3xx_hal_rcc_ex.o
LOAD ./Drivers/STM32F3xx_HAL_Driver/Src/stm32f3xx_hal_tim.o
LOAD ./Drivers/STM32F3xx_HAL_Driver/Src/stm32f3xx_hal_tim_ex.o
START GROUP
LOAD /Applications/STMicroelectronics/STM32CubeIDE.app/Contents/Eclipse/plugins/com.st.stm32cube.ide.mcu.externaltools.gnu-tools-for-stm32.11.3.rel1.macos64_1.1.1.202309131626/tools/bin/../lib/gcc/arm-none-eabi/11.3.1/../../../../arm-none-eabi/lib/thumb/v7e-m+fp/hard/libc_nano.a
LOAD /Applications/STMicroelectronics/STM32CubeIDE.app/Contents/Eclipse/plugins/com.st.stm32cube.ide.mcu.externaltools.gnu-tools-for-stm32.11.3.rel1.macos64_1.1.1.202309131626/tools/bin/../lib/gcc/arm-none-eabi/11.3.1/../../../../arm-none-eabi/lib/thumb/v7e-m+fp/hard/libm.a
END GROUP
START GROUP
LOAD /Applications/STMicroelectronics/STM32CubeIDE.app/Contents/Eclipse/plugins/com.st.stm32cube.ide.mcu.externaltools.gnu-tools-for-stm32.11.3.rel1.macos64_1.1.1.202309131626/tools/bin/../lib/gcc/arm-none-eabi/11.3.1/thumb/v7e-m+fp/hard/libgcc.a
LOAD /Applications/STMicroelectronics/STM32CubeIDE.app/Contents/Eclipse/plugins/com.st.stm32cube.ide.mcu.externaltools.gnu-tools-for-stm32.11.3.rel1.macos64_1.1.1.202309131626/tools/bin/../lib/gcc/arm-none-eabi/11.3.1/../../../../arm-none-eabi/lib/thumb/v7e-m+fp/hard/libc_nano.a
END GROUP
START GROUP
LOAD /Applications/STMicroelectronics/STM32CubeIDE.app/Contents/Eclipse/plugins/com.st.stm32cube.ide.mcu.externaltools.gnu-tools-for-stm32.11.3.rel1.macos64_1.1.1.202309131626/tools/bin/../lib/gcc/arm-none-eabi/11.3.1/thumb/v7e-m+fp/hard/libgcc.a
LOAD /Applications/STMicroelectronics/STM32CubeIDE.app/Contents/Eclipse/plugins/com.st.stm32cube.ide.mcu.externaltools.gnu-tools-for-stm32.11.3.rel1.macos64_1.1.1.202309131626/tools/bin/../lib/gcc/arm-none-eabi/11.3.1/../../../../arm-none-eabi/lib/thumb/v7e-m+fp/hard/libc_nano.a
LOAD /Applications/STMicroelectronics/STM32CubeIDE.app/Contents/Eclipse/plugins/com.st.stm32cube.ide.mcu.externaltools.gnu-tools-for-stm32.11.3.rel1.macos64_1.1.1.202309131626/tools/bin/../lib/gcc/arm-none-eabi/11.3.1/../../../../arm-none-eabi/lib/thumb/v7e-m+fp/hard/libnosys.a
END GROUP
START GROUP
LOAD /Applications/STMicroelectronics/STM32CubeIDE.app/Contents/Eclipse/plugins/com.st.stm32cube.ide.mcu.externaltools.gnu-tools-for-stm32.11.3.rel1.macos64_1.1.1.202309131626/tools/bin/../lib/gcc/arm-none-eabi/11.3.1/thumb/v7e-m+fp/hard/libgcc.a
LOAD /Applications/STMicroelectronics/STM32CubeIDE.app/Contents/Eclipse/plugins/com.st.stm32cube.ide.mcu.externaltools.gnu-tools-for-stm32.11.3.rel1.macos64_1.1.1.202309131626/tools/bin/../lib/gcc/arm-none-eabi/11.3.1/../../../../arm-none-eabi/lib/thumb/v7e-m+fp/hard/libc_nano.a
LOAD /Applications/STMicroelectronics/STM32CubeIDE.app/Contents/Eclipse/plugins/com.st.stm32cube.ide.mcu.externaltools.gnu-tools-for-stm32.11.3.rel1.macos64_1.1.1.202309131626/tools/bin/../lib/gcc/arm-none-eabi/11.3.1/../../../../arm-none-eabi/lib/thumb/v7e-m+fp/hard/libnosys.a
END GROUP
LOAD /Applications/STMicroelectronics/STM32CubeIDE.app/Contents/Eclipse/plugins/com.st.stm32cube.ide.mcu.externaltools.gnu-tools-for-stm32.11.3.rel1.macos64_1.1.1.202309131626/tools/bin/../lib/gcc/arm-none-eabi/11.3.1/thumb/v7e-m+fp/hard/crtend.o
LOAD /Applications/STMicroelectronics/STM32CubeIDE.app/Contents/Eclipse/plugins/com.st.stm32cube.ide.mcu.externaltools.gnu-tools-for-stm32.11.3.rel1.macos64_1.1.1.202309131626/tools/bin/../lib/gcc/arm-none-eabi/11.3.1/thumb/v7e-m+fp/hard/crtn.o
                0x0000000020003000                _estack = (ORIGIN (RAM) + LENGTH (RAM))
                0x0000000000000200                _Min_Heap_Size = 0x200
                0x0000000000000400                _Min_Stack_Size = 0x400

.isr_vector     0x0000000008000000      0x188
                0x0000000008000000                . = ALIGN (0x4)
 *(.isr_vector)
 .isr_vector    0x0000000008000000      0x188 ./Core/Startup/startup_stm32f303k8tx.o
                0x0000000008000000                g_pfnVectors
                0x0000000008000188                . = ALIGN (0x4)

.text           0x0000000008000188     0x1e64
                0x0000000008000188                . = ALIGN (0x4)
 *(.text)
 .text          0x0000000008000188       0x40 /Applications/STMicroelectronics/STM32CubeIDE.app/Contents/Eclipse/plugins/com.st.stm32cube.ide.mcu.externaltools.gnu-tools-for-stm32.11.3.rel1.macos64_1.1.1.202309131626/tools/bin/../lib/gcc/arm-none-eabi/11.3.1/thumb/v7e-m+fp/hard/crtbegin.o
 *(.text*)
 .text.main     0x00000000080001c8      0x130 ./Core/Src/main.o
                0x00000000080001c8                main
 .text.SystemClock_Config
                0x00000000080002f8       0x76 ./Core/Src/main.o
                0x00000000080002f8                SystemClock_Config
 *fill*         0x000000000800036e        0x2 
 .text.MX_GPIO_Init
                0x0000000008000370       0x30 ./Core/Src/main.o
 .text.setBitHandler
                0x00000000080003a0       0x4c ./Core/Src/main.o
                0x00000000080003a0                setBitHandler
 .text.RAL_portClockEnable
                0x00000000080003ec       0xb0 ./Core/Src/main.o
                0x00000000080003ec                RAL_portClockEnable
 .text.RAL_pinConfig
                0x000000000800049c      0x112 ./Core/Src/main.o
                0x000000000800049c                RAL_pinConfig
 .text.RAL_writePin
                0x00000000080005ae       0xee ./Core/Src/main.o
                0x00000000080005ae                RAL_writePin
 .text.RAL_readPin
                0x000000000800069c       0x38 ./Core/Src/main.o
                0x000000000800069c                RAL_readPin
 .text.RAL_pinRegister
                0x00000000080006d4       0xa8 ./Core/Src/main.o
                0x00000000080006d4                RAL_pinRegister
 .text.Error_Handler
                0x000000000800077c        0xa ./Core/Src/main.o
                0x000000000800077c                Error_Handler
 *fill*         0x0000000008000786        0x2 
 .text.HAL_MspInit
                0x0000000008000788       0x48 ./Core/Src/stm32f3xx_hal_msp.o
                0x0000000008000788                HAL_MspInit
 .text.NMI_Handler
                0x00000000080007d0        0x6 ./Core/Src/stm32f3xx_it.o
                0x00000000080007d0                NMI_Handler
 .text.HardFault_Handler
                0x00000000080007d6        0x6 ./Core/Src/stm32f3xx_it.o
                0x00000000080007d6                HardFault_Handler
 .text.MemManage_Handler
                0x00000000080007dc        0x6 ./Core/Src/stm32f3xx_it.o
                0x00000000080007dc                MemManage_Handler
 .text.BusFault_Handler
                0x00000000080007e2        0x6 ./Core/Src/stm32f3xx_it.o
                0x00000000080007e2                BusFault_Handler
 .text.UsageFault_Handler
                0x00000000080007e8        0x6 ./Core/Src/stm32f3xx_it.o
                0x00000000080007e8                UsageFault_Handler
 .text.SVC_Handler
                0x00000000080007ee        0xe ./Core/Src/stm32f3xx_it.o
                0x00000000080007ee                SVC_Handler
 .text.DebugMon_Handler
                0x00000000080007fc        0xe ./Core/Src/stm32f3xx_it.o
                0x00000000080007fc                DebugMon_Handler
 .text.PendSV_Handler
                0x000000000800080a        0xe ./Core/Src/stm32f3xx_it.o
                0x000000000800080a                PendSV_Handler
 .text.SysTick_Handler
                0x0000000008000818        0xc ./Core/Src/stm32f3xx_it.o
                0x0000000008000818                SysTick_Handler
 .text.SystemInit
                0x0000000008000824       0x24 ./Core/Src/system_stm32f3xx.o
                0x0000000008000824                SystemInit
 .text.Reset_Handler
                0x0000000008000848       0x50 ./Core/Startup/startup_stm32f303k8tx.o
                0x0000000008000848                Reset_Handler
 .text.Default_Handler
                0x0000000008000898        0x2 ./Core/Startup/startup_stm32f303k8tx.o
                0x0000000008000898                TIM1_BRK_TIM15_IRQHandler
                0x0000000008000898                TIM1_CC_IRQHandler
                0x0000000008000898                PVD_IRQHandler
                0x0000000008000898                TAMP_STAMP_IRQHandler
                0x0000000008000898                EXTI3_IRQHandler
                0x0000000008000898                EXTI0_IRQHandler
                0x0000000008000898                FPU_IRQHandler
                0x0000000008000898                CAN_TX_IRQHandler
                0x0000000008000898                TIM1_UP_TIM16_IRQHandler
                0x0000000008000898                ADC1_2_IRQHandler
                0x0000000008000898                SPI1_IRQHandler
                0x0000000008000898                CAN_SCE_IRQHandler
                0x0000000008000898                DMA1_Channel4_IRQHandler
                0x0000000008000898                USART3_IRQHandler
                0x0000000008000898                DMA1_Channel7_IRQHandler
                0x0000000008000898                TIM7_DAC2_IRQHandler
                0x0000000008000898                CAN_RX1_IRQHandler
                0x0000000008000898                I2C1_EV_IRQHandler
                0x0000000008000898                DMA1_Channel6_IRQHandler
                0x0000000008000898                TIM3_IRQHandler
                0x0000000008000898                RCC_IRQHandler
                0x0000000008000898                DMA1_Channel1_IRQHandler
                0x0000000008000898                Default_Handler
                0x0000000008000898                EXTI15_10_IRQHandler
                0x0000000008000898                COMP2_IRQHandler
                0x0000000008000898                TIM6_DAC1_IRQHandler
                0x0000000008000898                EXTI9_5_IRQHandler
                0x0000000008000898                RTC_WKUP_IRQHandler
                0x0000000008000898                DMA1_Channel5_IRQHandler
                0x0000000008000898                EXTI4_IRQHandler
                0x0000000008000898                TIM1_TRG_COM_TIM17_IRQHandler
                0x0000000008000898                DMA1_Channel3_IRQHandler
                0x0000000008000898                WWDG_IRQHandler
                0x0000000008000898                TIM2_IRQHandler
                0x0000000008000898                EXTI1_IRQHandler
                0x0000000008000898                COMP4_6_IRQHandler
                0x0000000008000898                USART2_IRQHandler
                0x0000000008000898                DMA1_Channel2_IRQHandler
                0x0000000008000898                FLASH_IRQHandler
                0x0000000008000898                USART1_IRQHandler
                0x0000000008000898                CAN_RX0_IRQHandler
                0x0000000008000898                I2C1_ER_IRQHandler
                0x0000000008000898                EXTI2_TSC_IRQHandler
                0x0000000008000898                RTC_Alarm_IRQHandler
 *fill*         0x000000000800089a        0x2 
 .text.HAL_Init
                0x000000000800089c       0x2c ./Drivers/STM32F3xx_HAL_Driver/Src/stm32f3xx_hal.o
                0x000000000800089c                HAL_Init
 .text.HAL_InitTick
                0x00000000080008c8       0x60 ./Drivers/STM32F3xx_HAL_Driver/Src/stm32f3xx_hal.o
                0x00000000080008c8                HAL_InitTick
 .text.HAL_IncTick
                0x0000000008000928       0x28 ./Drivers/STM32F3xx_HAL_Driver/Src/stm32f3xx_hal.o
                0x0000000008000928                HAL_IncTick
 .text.HAL_GetTick
                0x0000000008000950       0x18 ./Drivers/STM32F3xx_HAL_Driver/Src/stm32f3xx_hal.o
                0x0000000008000950                HAL_GetTick
 .text.__NVIC_SetPriorityGrouping
                0x0000000008000968       0x48 ./Drivers/STM32F3xx_HAL_Driver/Src/stm32f3xx_hal_cortex.o
 .text.__NVIC_GetPriorityGrouping
                0x00000000080009b0       0x1c ./Drivers/STM32F3xx_HAL_Driver/Src/stm32f3xx_hal_cortex.o
 .text.__NVIC_SetPriority
                0x00000000080009cc       0x54 ./Drivers/STM32F3xx_HAL_Driver/Src/stm32f3xx_hal_cortex.o
 .text.NVIC_EncodePriority
                0x0000000008000a20       0x66 ./Drivers/STM32F3xx_HAL_Driver/Src/stm32f3xx_hal_cortex.o
 *fill*         0x0000000008000a86        0x2 
 .text.SysTick_Config
                0x0000000008000a88       0x44 ./Drivers/STM32F3xx_HAL_Driver/Src/stm32f3xx_hal_cortex.o
 .text.HAL_NVIC_SetPriorityGrouping
                0x0000000008000acc       0x16 ./Drivers/STM32F3xx_HAL_Driver/Src/stm32f3xx_hal_cortex.o
                0x0000000008000acc                HAL_NVIC_SetPriorityGrouping
 .text.HAL_NVIC_SetPriority
                0x0000000008000ae2       0x38 ./Drivers/STM32F3xx_HAL_Driver/Src/stm32f3xx_hal_cortex.o
                0x0000000008000ae2                HAL_NVIC_SetPriority
 .text.HAL_SYSTICK_Config
                0x0000000008000b1a       0x18 ./Drivers/STM32F3xx_HAL_Driver/Src/stm32f3xx_hal_cortex.o
                0x0000000008000b1a                HAL_SYSTICK_Config
 *fill*         0x0000000008000b32        0x2 
 .text.HAL_RCC_OscConfig
                0x0000000008000b34     0x107c ./Drivers/STM32F3xx_HAL_Driver/Src/stm32f3xx_hal_rcc.o
                0x0000000008000b34                HAL_RCC_OscConfig
 .text.HAL_RCC_ClockConfig
                0x0000000008001bb0      0x2f8 ./Drivers/STM32F3xx_HAL_Driver/Src/stm32f3xx_hal_rcc.o
                0x0000000008001bb0                HAL_RCC_ClockConfig
 .text.HAL_RCC_GetSysClockFreq
                0x0000000008001ea8       0xd4 ./Drivers/STM32F3xx_HAL_Driver/Src/stm32f3xx_hal_rcc.o
                0x0000000008001ea8                HAL_RCC_GetSysClockFreq
 .text.memset   0x0000000008001f7c       0x10 /Applications/STMicroelectronics/STM32CubeIDE.app/Contents/Eclipse/plugins/com.st.stm32cube.ide.mcu.externaltools.gnu-tools-for-stm32.11.3.rel1.macos64_1.1.1.202309131626/tools/bin/../lib/gcc/arm-none-eabi/11.3.1/../../../../arm-none-eabi/lib/thumb/v7e-m+fp/hard/libc_nano.a(libc_a-memset.o)
                0x0000000008001f7c                memset
 .text.__libc_init_array
                0x0000000008001f8c       0x48 /Applications/STMicroelectronics/STM32CubeIDE.app/Contents/Eclipse/plugins/com.st.stm32cube.ide.mcu.externaltools.gnu-tools-for-stm32.11.3.rel1.macos64_1.1.1.202309131626/tools/bin/../lib/gcc/arm-none-eabi/11.3.1/../../../../arm-none-eabi/lib/thumb/v7e-m+fp/hard/libc_nano.a(libc_a-init.o)
                0x0000000008001f8c                __libc_init_array
 *(.glue_7)
 .glue_7        0x0000000008001fd4        0x0 linker stubs
 *(.glue_7t)
 .glue_7t       0x0000000008001fd4        0x0 linker stubs
 *(.eh_frame)
 .eh_frame      0x0000000008001fd4        0x0 /Applications/STMicroelectronics/STM32CubeIDE.app/Contents/Eclipse/plugins/com.st.stm32cube.ide.mcu.externaltools.gnu-tools-for-stm32.11.3.rel1.macos64_1.1.1.202309131626/tools/bin/../lib/gcc/arm-none-eabi/11.3.1/thumb/v7e-m+fp/hard/crtbegin.o
 *(.init)
 .init          0x0000000008001fd4        0x4 /Applications/STMicroelectronics/STM32CubeIDE.app/Contents/Eclipse/plugins/com.st.stm32cube.ide.mcu.externaltools.gnu-tools-for-stm32.11.3.rel1.macos64_1.1.1.202309131626/tools/bin/../lib/gcc/arm-none-eabi/11.3.1/thumb/v7e-m+fp/hard/crti.o
                0x0000000008001fd4                _init
 .init          0x0000000008001fd8        0x8 /Applications/STMicroelectronics/STM32CubeIDE.app/Contents/Eclipse/plugins/com.st.stm32cube.ide.mcu.externaltools.gnu-tools-for-stm32.11.3.rel1.macos64_1.1.1.202309131626/tools/bin/../lib/gcc/arm-none-eabi/11.3.1/thumb/v7e-m+fp/hard/crtn.o
 *(.fini)
 .fini          0x0000000008001fe0        0x4 /Applications/STMicroelectronics/STM32CubeIDE.app/Contents/Eclipse/plugins/com.st.stm32cube.ide.mcu.externaltools.gnu-tools-for-stm32.11.3.rel1.macos64_1.1.1.202309131626/tools/bin/../lib/gcc/arm-none-eabi/11.3.1/thumb/v7e-m+fp/hard/crti.o
                0x0000000008001fe0                _fini
 .fini          0x0000000008001fe4        0x8 /Applications/STMicroelectronics/STM32CubeIDE.app/Contents/Eclipse/plugins/com.st.stm32cube.ide.mcu.externaltools.gnu-tools-for-stm32.11.3.rel1.macos64_1.1.1.202309131626/tools/bin/../lib/gcc/arm-none-eabi/11.3.1/thumb/v7e-m+fp/hard/crtn.o
                0x0000000008001fec                . = ALIGN (0x4)
                0x0000000008001fec                _etext = .

.vfp11_veneer   0x0000000008001fec        0x0
 .vfp11_veneer  0x0000000008001fec        0x0 linker stubs

.v4_bx          0x0000000008001fec        0x0
 .v4_bx         0x0000000008001fec        0x0 linker stubs

.iplt           0x0000000008001fec        0x0
 .iplt          0x0000000008001fec        0x0 /Applications/STMicroelectronics/STM32CubeIDE.app/Contents/Eclipse/plugins/com.st.stm32cube.ide.mcu.externaltools.gnu-tools-for-stm32.11.3.rel1.macos64_1.1.1.202309131626/tools/bin/../lib/gcc/arm-none-eabi/11.3.1/thumb/v7e-m+fp/hard/crtbegin.o

.rodata         0x0000000008001fec       0x30
                0x0000000008001fec                . = ALIGN (0x4)
 *(.rodata)
 *(.rodata*)
 .rodata.AHBPrescTable
                0x0000000008001fec       0x10 ./Core/Src/system_stm32f3xx.o
                0x0000000008001fec                AHBPrescTable
 .rodata.aPLLMULFactorTable
                0x0000000008001ffc       0x10 ./Drivers/STM32F3xx_HAL_Driver/Src/stm32f3xx_hal_rcc.o
 .rodata.aPredivFactorTable
                0x000000000800200c       0x10 ./Drivers/STM32F3xx_HAL_Driver/Src/stm32f3xx_hal_rcc.o
                0x000000000800201c                . = ALIGN (0x4)

.rel.dyn        0x000000000800201c        0x0
 .rel.iplt      0x000000000800201c        0x0 /Applications/STMicroelectronics/STM32CubeIDE.app/Contents/Eclipse/plugins/com.st.stm32cube.ide.mcu.externaltools.gnu-tools-for-stm32.11.3.rel1.macos64_1.1.1.202309131626/tools/bin/../lib/gcc/arm-none-eabi/11.3.1/thumb/v7e-m+fp/hard/crtbegin.o

.ARM.extab      0x000000000800201c        0x0
                0x000000000800201c                . = ALIGN (0x4)
 *(.ARM.extab* .gnu.linkonce.armextab.*)
                0x000000000800201c                . = ALIGN (0x4)

.ARM            0x000000000800201c        0x0
                0x000000000800201c                . = ALIGN (0x4)
                0x000000000800201c                __exidx_start = .
 *(.ARM.exidx*)
                0x000000000800201c                __exidx_end = .
                0x000000000800201c                . = ALIGN (0x4)

.preinit_array  0x000000000800201c        0x0
                0x000000000800201c                . = ALIGN (0x4)
                0x000000000800201c                PROVIDE (__preinit_array_start = .)
 *(.preinit_array*)
                0x000000000800201c                PROVIDE (__preinit_array_end = .)
                0x000000000800201c                . = ALIGN (0x4)

.init_array     0x000000000800201c        0x4
                0x000000000800201c                . = ALIGN (0x4)
                0x000000000800201c                PROVIDE (__init_array_start = .)
 *(SORT_BY_NAME(.init_array.*))
 *(.init_array*)
 .init_array    0x000000000800201c        0x4 /Applications/STMicroelectronics/STM32CubeIDE.app/Contents/Eclipse/plugins/com.st.stm32cube.ide.mcu.externaltools.gnu-tools-for-stm32.11.3.rel1.macos64_1.1.1.202309131626/tools/bin/../lib/gcc/arm-none-eabi/11.3.1/thumb/v7e-m+fp/hard/crtbegin.o
                0x0000000008002020                PROVIDE (__init_array_end = .)
                0x0000000008002020                . = ALIGN (0x4)

.fini_array     0x0000000008002020        0x4
                0x0000000008002020                . = ALIGN (0x4)
                [!provide]                        PROVIDE (__fini_array_start = .)
 *(SORT_BY_NAME(.fini_array.*))
 *(.fini_array*)
 .fini_array    0x0000000008002020        0x4 /Applications/STMicroelectronics/STM32CubeIDE.app/Contents/Eclipse/plugins/com.st.stm32cube.ide.mcu.externaltools.gnu-tools-for-stm32.11.3.rel1.macos64_1.1.1.202309131626/tools/bin/../lib/gcc/arm-none-eabi/11.3.1/thumb/v7e-m+fp/hard/crtbegin.o
                [!provide]                        PROVIDE (__fini_array_end = .)
                0x0000000008002024                . = ALIGN (0x4)
                0x0000000008002024                _sidata = LOADADDR (.data)

.data           0x0000000020000000        0xc load address 0x0000000008002024
                0x0000000020000000                . = ALIGN (0x4)
                0x0000000020000000                _sdata = .
 *(.data)
 *(.data*)
 .data.SystemCoreClock
                0x0000000020000000        0x4 ./Core/Src/system_stm32f3xx.o
                0x0000000020000000                SystemCoreClock
 .data.uwTickPrio
                0x0000000020000004        0x4 ./Drivers/STM32F3xx_HAL_Driver/Src/stm32f3xx_hal.o
                0x0000000020000004                uwTickPrio
 .data.uwTickFreq
                0x0000000020000008        0x1 ./Drivers/STM32F3xx_HAL_Driver/Src/stm32f3xx_hal.o
                0x0000000020000008                uwTickFreq
 *(.RamFunc)
 *(.RamFunc*)
                0x000000002000000c                . = ALIGN (0x4)
 *fill*         0x0000000020000009        0x3 
                0x000000002000000c                _edata = .
                0x0000000008002030                _siccmram = LOADADDR (.ccmram)

.igot.plt       0x000000002000000c        0x0 load address 0x0000000008002030
 .igot.plt      0x000000002000000c        0x0 /Applications/STMicroelectronics/STM32CubeIDE.app/Contents/Eclipse/plugins/com.st.stm32cube.ide.mcu.externaltools.gnu-tools-for-stm32.11.3.rel1.macos64_1.1.1.202309131626/tools/bin/../lib/gcc/arm-none-eabi/11.3.1/thumb/v7e-m+fp/hard/crtbegin.o

.ccmram         0x0000000010000000        0x0 load address 0x0000000008002030
                0x0000000010000000                . = ALIGN (0x4)
                0x0000000010000000                _sccmram = .
 *(.ccmram)
 *(.ccmram*)
                0x0000000010000000                . = ALIGN (0x4)
                0x0000000010000000                _eccmram = .
                0x0000000010000000                . = ALIGN (0x4)

.bss            0x000000002000000c       0x20
                0x000000002000000c                _sbss = .
                0x000000002000000c                __bss_start__ = _sbss
 *(.bss)
 .bss           0x000000002000000c       0x1c /Applications/STMicroelectronics/STM32CubeIDE.app/Contents/Eclipse/plugins/com.st.stm32cube.ide.mcu.externaltools.gnu-tools-for-stm32.11.3.rel1.macos64_1.1.1.202309131626/tools/bin/../lib/gcc/arm-none-eabi/11.3.1/thumb/v7e-m+fp/hard/crtbegin.o
 *(.bss*)
 .bss.uwTick    0x0000000020000028        0x4 ./Drivers/STM32F3xx_HAL_Driver/Src/stm32f3xx_hal.o
                0x0000000020000028                uwTick
 *(COMMON)
                0x000000002000002c                . = ALIGN (0x4)
                0x000000002000002c                _ebss = .
                0x000000002000002c                __bss_end__ = _ebss

._user_heap_stack
                0x000000002000002c      0x604
                0x0000000020000030                . = ALIGN (0x8)
 *fill*         0x000000002000002c        0x4 
                [!provide]                        PROVIDE (end = .)
                0x0000000020000030                PROVIDE (_end = .)
                0x0000000020000230                . = (. + _Min_Heap_Size)
 *fill*         0x0000000020000030      0x200 
                0x0000000020000630                . = (. + _Min_Stack_Size)
 *fill*         0x0000000020000230      0x400 
                0x0000000020000630                . = ALIGN (0x8)

/DISCARD/
 libc.a(*)
 libm.a(*)
 libgcc.a(*)

.ARM.attributes
                0x0000000000000000       0x30
 *(.ARM.attributes)
 .ARM.attributes
                0x0000000000000000       0x1e /Applications/STMicroelectronics/STM32CubeIDE.app/Contents/Eclipse/plugins/com.st.stm32cube.ide.mcu.externaltools.gnu-tools-for-stm32.11.3.rel1.macos64_1.1.1.202309131626/tools/bin/../lib/gcc/arm-none-eabi/11.3.1/thumb/v7e-m+fp/hard/crti.o
 .ARM.attributes
                0x000000000000001e       0x34 /Applications/STMicroelectronics/STM32CubeIDE.app/Contents/Eclipse/plugins/com.st.stm32cube.ide.mcu.externaltools.gnu-tools-for-stm32.11.3.rel1.macos64_1.1.1.202309131626/tools/bin/../lib/gcc/arm-none-eabi/11.3.1/thumb/v7e-m+fp/hard/crtbegin.o
 .ARM.attributes
                0x0000000000000052       0x34 ./Core/Src/main.o
 .ARM.attributes
                0x0000000000000086       0x34 ./Core/Src/stm32f3xx_hal_msp.o
 .ARM.attributes
                0x00000000000000ba       0x34 ./Core/Src/stm32f3xx_it.o
 .ARM.attributes
                0x00000000000000ee       0x34 ./Core/Src/system_stm32f3xx.o
 .ARM.attributes
                0x0000000000000122       0x21 ./Core/Startup/startup_stm32f303k8tx.o
 .ARM.attributes
                0x0000000000000143       0x34 ./Drivers/STM32F3xx_HAL_Driver/Src/stm32f3xx_hal.o
 .ARM.attributes
                0x0000000000000177       0x34 ./Drivers/STM32F3xx_HAL_Driver/Src/stm32f3xx_hal_cortex.o
 .ARM.attributes
                0x00000000000001ab       0x34 ./Drivers/STM32F3xx_HAL_Driver/Src/stm32f3xx_hal_rcc.o
 .ARM.attributes
                0x00000000000001df       0x34 /Applications/STMicroelectronics/STM32CubeIDE.app/Contents/Eclipse/plugins/com.st.stm32cube.ide.mcu.externaltools.gnu-tools-for-stm32.11.3.rel1.macos64_1.1.1.202309131626/tools/bin/../lib/gcc/arm-none-eabi/11.3.1/../../../../arm-none-eabi/lib/thumb/v7e-m+fp/hard/libc_nano.a(libc_a-memset.o)
 .ARM.attributes
                0x0000000000000213       0x34 /Applications/STMicroelectronics/STM32CubeIDE.app/Contents/Eclipse/plugins/com.st.stm32cube.ide.mcu.externaltools.gnu-tools-for-stm32.11.3.rel1.macos64_1.1.1.202309131626/tools/bin/../lib/gcc/arm-none-eabi/11.3.1/../../../../arm-none-eabi/lib/thumb/v7e-m+fp/hard/libc_nano.a(libc_a-init.o)
 .ARM.attributes
                0x0000000000000247       0x1e /Applications/STMicroelectronics/STM32CubeIDE.app/Contents/Eclipse/plugins/com.st.stm32cube.ide.mcu.externaltools.gnu-tools-for-stm32.11.3.rel1.macos64_1.1.1.202309131626/tools/bin/../lib/gcc/arm-none-eabi/11.3.1/thumb/v7e-m+fp/hard/crtn.o
OUTPUT(F303_reg.elf elf32-littlearm)
LOAD linker stubs
LOAD /Applications/STMicroelectronics/STM32CubeIDE.app/Contents/Eclipse/plugins/com.st.stm32cube.ide.mcu.externaltools.gnu-tools-for-stm32.11.3.rel1.macos64_1.1.1.202309131626/tools/bin/../lib/gcc/arm-none-eabi/11.3.1/../../../../arm-none-eabi/lib/thumb/v7e-m+fp/hard/libc.a
LOAD /Applications/STMicroelectronics/STM32CubeIDE.app/Contents/Eclipse/plugins/com.st.stm32cube.ide.mcu.externaltools.gnu-tools-for-stm32.11.3.rel1.macos64_1.1.1.202309131626/tools/bin/../lib/gcc/arm-none-eabi/11.3.1/../../../../arm-none-eabi/lib/thumb/v7e-m+fp/hard/libm.a
LOAD /Applications/STMicroelectronics/STM32CubeIDE.app/Contents/Eclipse/plugins/com.st.stm32cube.ide.mcu.externaltools.gnu-tools-for-stm32.11.3.rel1.macos64_1.1.1.202309131626/tools/bin/../lib/gcc/arm-none-eabi/11.3.1/thumb/v7e-m+fp/hard/libgcc.a

.comment        0x0000000000000000       0x43
 .comment       0x0000000000000000       0x43 /Applications/STMicroelectronics/STM32CubeIDE.app/Contents/Eclipse/plugins/com.st.stm32cube.ide.mcu.externaltools.gnu-tools-for-stm32.11.3.rel1.macos64_1.1.1.202309131626/tools/bin/../lib/gcc/arm-none-eabi/11.3.1/thumb/v7e-m+fp/hard/crtbegin.o
                                         0x44 (size before relaxing)
 .comment       0x0000000000000043       0x44 ./Core/Src/main.o
 .comment       0x0000000000000043       0x44 ./Core/Src/stm32f3xx_hal_msp.o
 .comment       0x0000000000000043       0x44 ./Core/Src/stm32f3xx_it.o
 .comment       0x0000000000000043       0x44 ./Core/Src/system_stm32f3xx.o
 .comment       0x0000000000000043       0x44 ./Drivers/STM32F3xx_HAL_Driver/Src/stm32f3xx_hal.o
 .comment       0x0000000000000043       0x44 ./Drivers/STM32F3xx_HAL_Driver/Src/stm32f3xx_hal_cortex.o
 .comment       0x0000000000000043       0x44 ./Drivers/STM32F3xx_HAL_Driver/Src/stm32f3xx_hal_rcc.o

.debug_info     0x0000000000000000     0x369e
 .debug_info    0x0000000000000000      0x912 ./Core/Src/main.o
 .debug_info    0x0000000000000912      0x18d ./Core/Src/stm32f3xx_hal_msp.o
 .debug_info    0x0000000000000a9f      0x113 ./Core/Src/stm32f3xx_it.o
 .debug_info    0x0000000000000bb2      0x407 ./Core/Src/system_stm32f3xx.o
 .debug_info    0x0000000000000fb9       0x23 ./Core/Startup/startup_stm32f303k8tx.o
 .debug_info    0x0000000000000fdc      0x74a ./Drivers/STM32F3xx_HAL_Driver/Src/stm32f3xx_hal.o
 .debug_info    0x0000000000001726      0xa87 ./Drivers/STM32F3xx_HAL_Driver/Src/stm32f3xx_hal_cortex.o
 .debug_info    0x00000000000021ad     0x14f1 ./Drivers/STM32F3xx_HAL_Driver/Src/stm32f3xx_hal_rcc.o

.debug_abbrev   0x0000000000000000      0xcc7
 .debug_abbrev  0x0000000000000000      0x255 ./Core/Src/main.o
 .debug_abbrev  0x0000000000000255       0xc6 ./Core/Src/stm32f3xx_hal_msp.o
 .debug_abbrev  0x000000000000031b       0x73 ./Core/Src/stm32f3xx_it.o
 .debug_abbrev  0x000000000000038e      0x11a ./Core/Src/system_stm32f3xx.o
 .debug_abbrev  0x00000000000004a8       0x12 ./Core/Startup/startup_stm32f303k8tx.o
 .debug_abbrev  0x00000000000004ba      0x215 ./Drivers/STM32F3xx_HAL_Driver/Src/stm32f3xx_hal.o
 .debug_abbrev  0x00000000000006cf      0x2f8 ./Drivers/STM32F3xx_HAL_Driver/Src/stm32f3xx_hal_cortex.o
 .debug_abbrev  0x00000000000009c7      0x300 ./Drivers/STM32F3xx_HAL_Driver/Src/stm32f3xx_hal_rcc.o

.debug_aranges  0x0000000000000000      0x3a0
 .debug_aranges
                0x0000000000000000       0x68 ./Core/Src/main.o
 .debug_aranges
                0x0000000000000068       0x20 ./Core/Src/stm32f3xx_hal_msp.o
 .debug_aranges
                0x0000000000000088       0x60 ./Core/Src/stm32f3xx_it.o
 .debug_aranges
                0x00000000000000e8       0x28 ./Core/Src/system_stm32f3xx.o
 .debug_aranges
                0x0000000000000110       0x28 ./Core/Startup/startup_stm32f303k8tx.o
 .debug_aranges
                0x0000000000000138       0xe0 ./Drivers/STM32F3xx_HAL_Driver/Src/stm32f3xx_hal.o
 .debug_aranges
                0x0000000000000218      0x100 ./Drivers/STM32F3xx_HAL_Driver/Src/stm32f3xx_hal_cortex.o
 .debug_aranges
                0x0000000000000318       0x88 ./Drivers/STM32F3xx_HAL_Driver/Src/stm32f3xx_hal_rcc.o

.debug_rnglists
                0x0000000000000000      0x29b
 .debug_rnglists
                0x0000000000000000       0x4e ./Core/Src/main.o
 .debug_rnglists
                0x000000000000004e       0x13 ./Core/Src/stm32f3xx_hal_msp.o
 .debug_rnglists
                0x0000000000000061       0x43 ./Core/Src/stm32f3xx_it.o
 .debug_rnglists
                0x00000000000000a4       0x1a ./Core/Src/system_stm32f3xx.o
 .debug_rnglists
                0x00000000000000be       0x19 ./Core/Startup/startup_stm32f303k8tx.o
 .debug_rnglists
                0x00000000000000d7       0xa3 ./Drivers/STM32F3xx_HAL_Driver/Src/stm32f3xx_hal.o
 .debug_rnglists
                0x000000000000017a       0xbb ./Drivers/STM32F3xx_HAL_Driver/Src/stm32f3xx_hal_cortex.o
 .debug_rnglists
                0x0000000000000235       0x66 ./Drivers/STM32F3xx_HAL_Driver/Src/stm32f3xx_hal_rcc.o

.debug_macro    0x0000000000000000    0x181c9
 .debug_macro   0x0000000000000000      0x1a7 ./Core/Src/main.o
 .debug_macro   0x00000000000001a7      0x14b ./Core/Src/main.o
 .debug_macro   0x00000000000002f2       0x2e ./Core/Src/main.o
 .debug_macro   0x0000000000000320       0x28 ./Core/Src/main.o
 .debug_macro   0x0000000000000348       0x22 ./Core/Src/main.o
 .debug_macro   0x000000000000036a       0x8e ./Core/Src/main.o
 .debug_macro   0x00000000000003f8       0x51 ./Core/Src/main.o
 .debug_macro   0x0000000000000449      0x103 ./Core/Src/main.o
 .debug_macro   0x000000000000054c       0x6a ./Core/Src/main.o
 .debug_macro   0x00000000000005b6      0x1df ./Core/Src/main.o
 .debug_macro   0x0000000000000795       0x1c ./Core/Src/main.o
 .debug_macro   0x00000000000007b1       0x22 ./Core/Src/main.o
 .debug_macro   0x00000000000007d3       0xd9 ./Core/Src/main.o
 .debug_macro   0x00000000000008ac      0xf07 ./Core/Src/main.o
 .debug_macro   0x00000000000017b3    0x10be0 ./Core/Src/main.o
 .debug_macro   0x0000000000012393       0x6d ./Core/Src/main.o
 .debug_macro   0x0000000000012400     0x3558 ./Core/Src/main.o
 .debug_macro   0x0000000000015958      0x174 ./Core/Src/main.o
 .debug_macro   0x0000000000015acc       0x55 ./Core/Src/main.o
 .debug_macro   0x0000000000015b21      0x8f8 ./Core/Src/main.o
 .debug_macro   0x0000000000016419      0x304 ./Core/Src/main.o
 .debug_macro   0x000000000001671d      0x1b5 ./Core/Src/main.o
 .debug_macro   0x00000000000168d2      0x11b ./Core/Src/main.o
 .debug_macro   0x00000000000169ed      0x1d5 ./Core/Src/main.o
 .debug_macro   0x0000000000016bc2      0x1bc ./Core/Src/main.o
 .debug_macro   0x0000000000016d7e       0x34 ./Core/Src/main.o
 .debug_macro   0x0000000000016db2       0x3c ./Core/Src/main.o
 .debug_macro   0x0000000000016dee       0x57 ./Core/Src/main.o
 .debug_macro   0x0000000000016e45       0xc5 ./Core/Src/main.o
 .debug_macro   0x0000000000016f0a      0x19f ./Core/Src/main.o
 .debug_macro   0x00000000000170a9      0x233 ./Core/Src/main.o
 .debug_macro   0x00000000000172dc       0x5b ./Core/Src/main.o
 .debug_macro   0x0000000000017337       0xa5 ./Core/Src/main.o
 .debug_macro   0x00000000000173dc       0x81 ./Core/Src/main.o
 .debug_macro   0x000000000001745d       0xd3 ./Core/Src/main.o
 .debug_macro   0x0000000000017530      0x285 ./Core/Src/main.o
 .debug_macro   0x00000000000177b5      0x1a7 ./Core/Src/stm32f3xx_hal_msp.o
 .debug_macro   0x000000000001795c      0x1b1 ./Core/Src/stm32f3xx_it.o
 .debug_macro   0x0000000000017b0d      0x19d ./Core/Src/system_stm32f3xx.o
 .debug_macro   0x0000000000017caa      0x1c1 ./Drivers/STM32F3xx_HAL_Driver/Src/stm32f3xx_hal.o
 .debug_macro   0x0000000000017e6b      0x19d ./Drivers/STM32F3xx_HAL_Driver/Src/stm32f3xx_hal_cortex.o
 .debug_macro   0x0000000000018008      0x1c1 ./Drivers/STM32F3xx_HAL_Driver/Src/stm32f3xx_hal_rcc.o

.debug_line     0x0000000000000000     0x48a4
 .debug_line    0x0000000000000000      0x9ef ./Core/Src/main.o
 .debug_line    0x00000000000009ef      0x6e0 ./Core/Src/stm32f3xx_hal_msp.o
 .debug_line    0x00000000000010cf      0x7a2 ./Core/Src/stm32f3xx_it.o
 .debug_line    0x0000000000001871      0x756 ./Core/Src/system_stm32f3xx.o
 .debug_line    0x0000000000001fc7       0x7a ./Core/Startup/startup_stm32f303k8tx.o
 .debug_line    0x0000000000002041      0x98b ./Drivers/STM32F3xx_HAL_Driver/Src/stm32f3xx_hal.o
 .debug_line    0x00000000000029cc      0xb73 ./Drivers/STM32F3xx_HAL_Driver/Src/stm32f3xx_hal_cortex.o
 .debug_line    0x000000000000353f     0x1365 ./Drivers/STM32F3xx_HAL_Driver/Src/stm32f3xx_hal_rcc.o

.debug_str      0x0000000000000000    0x920fd
 .debug_str     0x0000000000000000    0x9136c ./Core/Src/main.o
                                      0x915e9 (size before relaxing)
 .debug_str     0x000000000009136c       0x2c ./Core/Src/stm32f3xx_hal_msp.o
                                      0x911cf (size before relaxing)
 .debug_str     0x0000000000091398       0xc9 ./Core/Src/stm32f3xx_it.o
                                      0x911fe (size before relaxing)
 .debug_str     0x0000000000091461       0xf3 ./Core/Src/system_stm32f3xx.o
                                      0x9128d (size before relaxing)
 .debug_str     0x0000000000091554       0x34 ./Core/Startup/startup_stm32f303k8tx.o
                                         0x66 (size before relaxing)
 .debug_str     0x0000000000091588      0x604 ./Drivers/STM32F3xx_HAL_Driver/Src/stm32f3xx_hal.o
                                      0x9197d (size before relaxing)
 .debug_str     0x0000000000091b8c      0x267 ./Drivers/STM32F3xx_HAL_Driver/Src/stm32f3xx_hal_cortex.o
                                      0x918a2 (size before relaxing)
 .debug_str     0x0000000000091df3      0x30a ./Drivers/STM32F3xx_HAL_Driver/Src/stm32f3xx_hal_rcc.o
                                      0x9172d (size before relaxing)

.debug_frame    0x0000000000000000      0xcc8
 .debug_frame   0x0000000000000000      0x178 ./Core/Src/main.o
 .debug_frame   0x0000000000000178       0x38 ./Core/Src/stm32f3xx_hal_msp.o
 .debug_frame   0x00000000000001b0      0x104 ./Core/Src/stm32f3xx_it.o
 .debug_frame   0x00000000000002b4       0x58 ./Core/Src/system_stm32f3xx.o
 .debug_frame   0x000000000000030c      0x334 ./Drivers/STM32F3xx_HAL_Driver/Src/stm32f3xx_hal.o
 .debug_frame   0x0000000000000640      0x428 ./Drivers/STM32F3xx_HAL_Driver/Src/stm32f3xx_hal_cortex.o
 .debug_frame   0x0000000000000a68      0x214 ./Drivers/STM32F3xx_HAL_Driver/Src/stm32f3xx_hal_rcc.o
 .debug_frame   0x0000000000000c7c       0x20 /Applications/STMicroelectronics/STM32CubeIDE.app/Contents/Eclipse/plugins/com.st.stm32cube.ide.mcu.externaltools.gnu-tools-for-stm32.11.3.rel1.macos64_1.1.1.202309131626/tools/bin/../lib/gcc/arm-none-eabi/11.3.1/../../../../arm-none-eabi/lib/thumb/v7e-m+fp/hard/libc_nano.a(libc_a-memset.o)
 .debug_frame   0x0000000000000c9c       0x2c /Applications/STMicroelectronics/STM32CubeIDE.app/Contents/Eclipse/plugins/com.st.stm32cube.ide.mcu.externaltools.gnu-tools-for-stm32.11.3.rel1.macos64_1.1.1.202309131626/tools/bin/../lib/gcc/arm-none-eabi/11.3.1/../../../../arm-none-eabi/lib/thumb/v7e-m+fp/hard/libc_nano.a(libc_a-init.o)

.debug_line_str
                0x0000000000000000       0x5a
 .debug_line_str
                0x0000000000000000       0x5a ./Core/Startup/startup_stm32f303k8tx.o
                                         0x72 (size before relaxing)
