14:37:59 **** Incremental Build of configuration Debug for project F303 ****
make -j3 all 
arm-none-eabi-gcc "../Core/Src/main.c" -mcpu=cortex-m4 -std=gnu11 -g3 -DDEBUG -DUSE_HAL_DRIVER -DSTM32F303x8 -c -I../Core/Inc -I../Drivers/STM32F3xx_HAL_Driver/Inc -I../Drivers/STM32F3xx_HAL_Driver/Inc/Legacy -I../Drivers/CMSIS/Device/ST/STM32F3xx/Include -I../Drivers/CMSIS/Include -O0 -ffunction-sections -fdata-sections -Wall -fstack-usage -fcyclomatic-complexity -MMD -MP -MF"Core/Src/main.d" -MT"Core/Src/main.o" --specs=nano.specs -mfpu=fpv4-sp-d16 -mfloat-abi=hard -mthumb -o "Core/Src/main.o"
../Core/Src/main.c: In function 'main':
../Core/Src/main.c:104:3: warning: implicit declaration of function 'setModeLed' [-Wimplicit-function-declaration]
  104 |   setModeLed();
      |   ^~~~~~~~~~
../Core/Src/main.c: At top level:
../Core/Src/main.c:249:6: warning: conflicting types for 'setModeLed'; have 'void(void)'
  249 | void setModeLed(void)
      |      ^~~~~~~~~~
../Core/Src/main.c:104:3: note: previous implicit declaration of 'setModeLed' with type 'void(void)'
  104 |   setModeLed();
      |   ^~~~~~~~~~
arm-none-eabi-gcc -o "F303.elf" @"objects.list"   -mcpu=cortex-m4 -T"/Users/romanlobach/Documents/stm32/F303/F303/STM32F303K8TX_FLASH.ld" --specs=nosys.specs -Wl,-Map="F303.map" -Wl,--gc-sections -static --specs=nano.specs -mfpu=fpv4-sp-d16 -mfloat-abi=hard -mthumb -Wl,--start-group -lc -lm -Wl,--end-group
Finished building target: F303.elf
 
arm-none-eabi-size   F303.elf 
arm-none-eabi-objdump -h -S  F303.elf  > "F303.list"
   text	   data	    bss	    dec	    hex	filename
  10260	     32	   1664	  11956	   2eb4	F303.elf
Finished building: default.size.stdout
 
Finished building: F303.list
 

14:38:00 Build Finished. 0 errors, 2 warnings. (took 799ms)

