22:53:33 **** Incremental Build of configuration Debug for project F746 ****
make -j3 all 
arm-none-eabi-gcc "../Core/Src/main.c" -mcpu=cortex-m7 -std=gnu11 -g3 -DDEBUG -DUSE_HAL_DRIVER -DSTM32F746xx -c -I../Core/Inc -I../Drivers/STM32F7xx_HAL_Driver/Inc -I../Drivers/STM32F7xx_HAL_Driver/Inc/Legacy -I../Drivers/CMSIS/Device/ST/STM32F7xx/Include -I../Drivers/CMSIS/Include -O0 -ffunction-sections -fdata-sections -Wall -fstack-usage -fcyclomatic-complexity -MMD -MP -MF"Core/Src/main.d" -MT"Core/Src/main.o" --specs=nano.specs -mfpu=fpv5-sp-d16 -mfloat-abi=hard -mthumb -o "Core/Src/main.o"
../Core/Src/main.c: In function 'main':
../Core/Src/main.c:155:3: warning: implicit declaration of function 'setModeLed' [-Wimplicit-function-declaration]
  155 |   setModeLed();
      |   ^~~~~~~~~~
../Core/Src/main.c: At top level:
../Core/Src/main.c:582:6: warning: conflicting types for 'setModeLed'; have 'void(void)'
  582 | void setModeLed(void)
      |      ^~~~~~~~~~
../Core/Src/main.c:155:3: note: previous implicit declaration of 'setModeLed' with type 'void(void)'
  155 |   setModeLed();
      |   ^~~~~~~~~~
arm-none-eabi-gcc -o "F746.elf" @"objects.list"   -mcpu=cortex-m7 -T"/Users/romanlobach/Documents/stm32/F746/STM32F746ZGTX_FLASH.ld" --specs=nosys.specs -Wl,-Map="F746.map" -Wl,--gc-sections -static --specs=nano.specs -mfpu=fpv5-sp-d16 -mfloat-abi=hard -mthumb -Wl,--start-group -lc -lm -Wl,--end-group
Finished building target: F746.elf
 
arm-none-eabi-size   F746.elf 
arm-none-eabi-objdump -h -S  F746.elf  > "F746.list"
   text	   data	    bss	    dec	    hex	filename
  19864	    352	   3648	  23864	   5d38	F746.elf
Finished building: default.size.stdout
 
Finished building: F746.list
 

22:53:35 Build Finished. 0 errors, 2 warnings. (took 1s.893ms)

